
Allocating common symbols
Common symbol       size              file

USBKeys_SentCLI     0x1               CMakeFiles/kiibohd.elf.dir/Output/pjrcUSB/output_com.c.obj
uart_tx_buf         0x106             CMakeFiles/kiibohd.elf.dir/Scan/UARTConnect/connect_scan.c.obj
Connect_receive_RemoteCapabilityBuffer
                    0x6               CMakeFiles/kiibohd.elf.dir/Scan/UARTConnect/connect_scan.c.obj
CLIHexDebugMode     0x1               CMakeFiles/kiibohd.elf.dir/main.c.obj
CLIHistoryCurrent   0x1               CMakeFiles/kiibohd.elf.dir/main.c.obj
usb_rx_byte_count_data
                    0x14              CMakeFiles/kiibohd.elf.dir/Output/pjrcUSB/arm/usb_dev.c.obj
USBInit_TimeEnd     0x4               CMakeFiles/kiibohd.elf.dir/Output/pjrcUSB/output_com.c.obj
CLILEDState         0x1               CMakeFiles/kiibohd.elf.dir/main.c.obj
CLIDictionariesUsed
                    0x1               CMakeFiles/kiibohd.elf.dir/main.c.obj
Macro_rotationLayer
                    0x2               CMakeFiles/kiibohd.elf.dir/Macro/PartialMap/macro.c.obj
CLIHistoryBuffer    0x3e8             CMakeFiles/kiibohd.elf.dir/main.c.obj
uart_tx_status      0x4               CMakeFiles/kiibohd.elf.dir/Scan/UARTConnect/connect_scan.c.obj
USBKeys_SysCtrl     0x1               CMakeFiles/kiibohd.elf.dir/Output/pjrcUSB/output_com.c.obj
Matrix_scanArray    0x13b             CMakeFiles/kiibohd.elf.dir/Scan/MatrixARM/matrix_scan.c.obj
CLILineBuffer       0x65              CMakeFiles/kiibohd.elf.dir/main.c.obj
I2C_RxBufferPtr     0x12c             CMakeFiles/kiibohd.elf.dir/Scan/ISSILed/led_scan.c.obj
macroTriggerListBuffer
                    0x10b             CMakeFiles/kiibohd.elf.dir/Macro/PartialMap/macro.c.obj
macroResultMacroPendingList
                    0x2ec             CMakeFiles/kiibohd.elf.dir/Macro/PartialMap/result.c.obj
ResultMacroRecordList
                    0x117             CMakeFiles/kiibohd.elf.dir/Macro/PartialMap/macro.c.obj
CLIHistoryHead      0x1               CMakeFiles/kiibohd.elf.dir/main.c.obj
USBInit_Ticks       0x2               CMakeFiles/kiibohd.elf.dir/Output/pjrcUSB/output_com.c.obj
LayerState          0x3               CMakeFiles/kiibohd.elf.dir/Macro/PartialMap/macro.c.obj
Connect_receive_RemoteCapabilityArgs
                    0x19              CMakeFiles/kiibohd.elf.dir/Scan/UARTConnect/connect_scan.c.obj
USBKeys_Keys        0x1b              CMakeFiles/kiibohd.elf.dir/Output/pjrcUSB/output_com.c.obj
Connect_receive_ScanCodeDeviceId
                    0x1               CMakeFiles/kiibohd.elf.dir/Scan/UARTConnect/connect_scan.c.obj
uart_rx_status      0x8               CMakeFiles/kiibohd.elf.dir/Scan/UARTConnect/connect_scan.c.obj
USBKeys_Sent        0x1               CMakeFiles/kiibohd.elf.dir/Output/pjrcUSB/output_com.c.obj
LED_pageBuffer      0x92              CMakeFiles/kiibohd.elf.dir/Scan/ISSILed/led_scan.c.obj
uart_rx_buf         0x104             CMakeFiles/kiibohd.elf.dir/Scan/UARTConnect/connect_scan.c.obj
macroTriggerListLayerCache
                    0x59              CMakeFiles/kiibohd.elf.dir/Macro/PartialMap/macro.c.obj
I2C_TxBufferPtr     0x12c             CMakeFiles/kiibohd.elf.dir/Scan/ISSILed/led_scan.c.obj
Connect_receive_ScanCodeBuffer
                    0x3               CMakeFiles/kiibohd.elf.dir/Scan/UARTConnect/connect_scan.c.obj
CLIDict             0x28              CMakeFiles/kiibohd.elf.dir/main.c.obj
LCD_layerStackExact
                    0x8               CMakeFiles/kiibohd.elf.dir/Scan/STLcd/lcd_scan.c.obj
CLIHistoryTail      0x1               CMakeFiles/kiibohd.elf.dir/main.c.obj
USBKeys_KeysCLI     0x1b              CMakeFiles/kiibohd.elf.dir/Output/pjrcUSB/output_com.c.obj
macroInterconnectCache
                    0x10b             CMakeFiles/kiibohd.elf.dir/Macro/PartialMap/macro.c.obj
CLIDictNames        0x28              CMakeFiles/kiibohd.elf.dir/main.c.obj
Connect_receive_ScanCodeBufferPos
                    0x1               CMakeFiles/kiibohd.elf.dir/Scan/UARTConnect/connect_scan.c.obj
USBInit_TimeStart   0x4               CMakeFiles/kiibohd.elf.dir/Output/pjrcUSB/output_com.c.obj
CLILineBufferCurrent
                    0x1               CMakeFiles/kiibohd.elf.dir/main.c.obj
USBKeys_ConsCtrl    0x2               CMakeFiles/kiibohd.elf.dir/Output/pjrcUSB/output_com.c.obj
TriggerMacroRecordList
                    0xbe              CMakeFiles/kiibohd.elf.dir/Macro/PartialMap/macro.c.obj

Discarded input sections

 .group         0x0000000000000000        0x8 CMakeFiles/kiibohd.elf.dir/main.c.obj
 .group         0x0000000000000000        0x8 CMakeFiles/kiibohd.elf.dir/main.c.obj
 .group         0x0000000000000000        0x8 CMakeFiles/kiibohd.elf.dir/main.c.obj
 .group         0x0000000000000000        0x8 CMakeFiles/kiibohd.elf.dir/main.c.obj
 .group         0x0000000000000000        0x8 CMakeFiles/kiibohd.elf.dir/main.c.obj
 .group         0x0000000000000000        0x8 CMakeFiles/kiibohd.elf.dir/main.c.obj
[...]
Memory Configuration

Name             Origin             Length             Attributes
FLASH            0x0000000000002000 0x000000000003e000 xr
RAM              0x000000001fff8000 0x0000000000010000 xrw
*default*        0x0000000000000000 0xffffffffffffffff

Linker script and memory map

LOAD CMakeFiles/kiibohd.elf.dir/main.c.obj
LOAD CMakeFiles/kiibohd.elf.dir/Lib/mk20dx.c.obj
LOAD CMakeFiles/kiibohd.elf.dir/Lib/delay.c.obj
LOAD CMakeFiles/kiibohd.elf.dir/Scan/ISSILed/led_scan.c.obj
LOAD CMakeFiles/kiibohd.elf.dir/Scan/MatrixARM/matrix_scan.c.obj
LOAD CMakeFiles/kiibohd.elf.dir/Scan/STLcd/lcd_scan.c.obj
LOAD CMakeFiles/kiibohd.elf.dir/Scan/UARTConnect/connect_scan.c.obj
LOAD CMakeFiles/kiibohd.elf.dir/Scan/Infinity_Ergodox/scan_loop.c.obj
LOAD CMakeFiles/kiibohd.elf.dir/Macro/PartialMap/macro.c.obj
LOAD CMakeFiles/kiibohd.elf.dir/Macro/PartialMap/result.c.obj
LOAD CMakeFiles/kiibohd.elf.dir/Macro/PartialMap/trigger.c.obj
LOAD CMakeFiles/kiibohd.elf.dir/Output/pjrcUSB/output_com.c.obj
LOAD CMakeFiles/kiibohd.elf.dir/Output/pjrcUSB/arm/usb_desc.c.obj
LOAD CMakeFiles/kiibohd.elf.dir/Output/pjrcUSB/arm/usb_dev.c.obj
LOAD CMakeFiles/kiibohd.elf.dir/Output/pjrcUSB/arm/usb_joystick.c.obj
LOAD CMakeFiles/kiibohd.elf.dir/Output/pjrcUSB/arm/usb_keyboard.c.obj
LOAD CMakeFiles/kiibohd.elf.dir/Output/pjrcUSB/arm/usb_mem.c.obj
LOAD CMakeFiles/kiibohd.elf.dir/Output/pjrcUSB/arm/usb_mouse.c.obj
LOAD CMakeFiles/kiibohd.elf.dir/Output/pjrcUSB/arm/usb_rawio.c.obj
LOAD CMakeFiles/kiibohd.elf.dir/Output/pjrcUSB/arm/usb_serial.c.obj
LOAD CMakeFiles/kiibohd.elf.dir/Debug/cli/cli.c.obj
LOAD CMakeFiles/kiibohd.elf.dir/Debug/led/led.c.obj
LOAD CMakeFiles/kiibohd.elf.dir/Debug/print/print.c.obj
                0x0000000000002000                _app_rom = ORIGIN (FLASH)
                0x0000000000040000                _app_rom_end = (ORIGIN (FLASH) + LENGTH (FLASH))

.text           0x0000000000002000     0xa584
                0x0000000000000000                . = 0x0
 *(.vectors)
 .vectors       0x0000000000002000      0x1bc CMakeFiles/kiibohd.elf.dir/Lib/mk20dx.c.obj
                0x0000000000002000                gVectors
 *(.startup*)
 .startup       0x00000000000021bc      0x154 CMakeFiles/kiibohd.elf.dir/Lib/mk20dx.c.obj
                0x00000000000021bc                ResetHandler
                0x0000000000000400                . = 0x400
 *fill*         0x0000000000002310       0xf0 
 *(.flashconfig)
 *(.text*)
 .text.startup.main
                0x0000000000002400       0x2c CMakeFiles/kiibohd.elf.dir/main.c.obj
                0x0000000000002400                main
 .text.systick_default_isr
                0x000000000000242c       0x10 CMakeFiles/kiibohd.elf.dir/Lib/mk20dx.c.obj
                0x000000000000242c                systick_isr
                0x000000000000242c                systick_default_isr
 .text.fault_isr
                0x000000000000243c       0x40 CMakeFiles/kiibohd.elf.dir/Lib/mk20dx.c.obj
                0x000000000000243c                fault_isr
 .text.unused_isr
                0x000000000000247c        0x6 CMakeFiles/kiibohd.elf.dir/Lib/mk20dx.c.obj
                0x000000000000247c                dma_ch0_isr
                0x000000000000247c                dma_ch6_isr
                0x000000000000247c                uart0_lon_isr
                0x000000000000247c                dma_ch8_isr
                0x000000000000247c                dma_error_isr
                0x000000000000247c                portd_isr
                0x000000000000247c                porte_isr
                0x000000000000247c                portb_isr
                0x000000000000247c                spi1_isr
                0x000000000000247c                uart3_status_isr
                0x000000000000247c                mcm_isr
                0x000000000000247c                uart1_status_isr
                0x000000000000247c                watchdog_isr
                0x000000000000247c                i2c1_isr
                0x000000000000247c                dma_ch11_isr
                0x000000000000247c                i2c2_isr
                0x000000000000247c                pit1_isr
                0x000000000000247c                dma_ch4_isr
                0x000000000000247c                software_isr
                0x000000000000247c                dma_ch7_isr
                0x000000000000247c                lptmr_isr
                0x000000000000247c                ftm2_isr
                0x000000000000247c                uart5_status_isr
                0x000000000000247c                dma_ch9_isr
                0x000000000000247c                pit2_isr
                0x000000000000247c                pit0_isr
                0x000000000000247c                can0_wakeup_isr
                0x000000000000247c                flash_cmd_isr
                0x000000000000247c                uart2_status_isr
                0x000000000000247c                svcall_isr
                0x000000000000247c                dma_ch15_isr
                0x000000000000247c                uart1_error_isr
                0x000000000000247c                unused_isr
                0x000000000000247c                spi0_isr
                0x000000000000247c                dma_ch3_isr
                0x000000000000247c                flash_error_isr
                0x000000000000247c                uart5_error_isr
                0x000000000000247c                rtc_seconds_isr
                0x000000000000247c                pdb_isr
                0x000000000000247c                dac1_isr
                0x000000000000247c                dma_ch14_isr
                0x000000000000247c                rtc_alarm_isr
                0x000000000000247c                dma_ch2_isr
                0x000000000000247c                ftm1_isr
                0x000000000000247c                dma_ch13_isr
                0x000000000000247c                uart2_error_isr
                0x000000000000247c                usb_charge_isr
                0x000000000000247c                cmt_isr
                0x000000000000247c                ftm3_isr
                0x000000000000247c                tsi0_isr
                0x000000000000247c                spi2_isr
                0x000000000000247c                can0_bus_off_isr
                0x000000000000247c                uart3_error_isr
                0x000000000000247c                porta_isr
                0x000000000000247c                low_voltage_isr
                0x000000000000247c                can0_error_isr
                0x000000000000247c                dma_ch12_isr
                0x000000000000247c                pit3_isr
                0x000000000000247c                portc_isr
                0x000000000000247c                debugmonitor_isr
                0x000000000000247c                cmp1_isr
                0x000000000000247c                ftm0_isr
                0x000000000000247c                i2s0_rx_isr
                0x000000000000247c                uart4_error_isr
                0x000000000000247c                can0_message_isr
                0x000000000000247c                sdhc_isr
                0x000000000000247c                dma_ch10_isr
                0x000000000000247c                uart0_error_isr
                0x000000000000247c                i2s0_tx_isr
                0x000000000000247c                adc1_isr
                0x000000000000247c                cmp0_isr
                0x000000000000247c                dac0_isr
                0x000000000000247c                uart0_status_isr
                0x000000000000247c                mcg_isr
                0x000000000000247c                dma_ch1_isr
                0x000000000000247c                dma_ch5_isr
                0x000000000000247c                can0_rx_warn_isr
                0x000000000000247c                can0_tx_warn_isr
                0x000000000000247c                uart4_status_isr
                0x000000000000247c                cmp2_isr
                0x000000000000247c                pendablesrvreq_isr
                0x000000000000247c                wakeup_isr
                0x000000000000247c                adc0_isr
 *fill*         0x0000000000002482        0x2 
 .text.nmi_default_isr
                0x0000000000002484        0xc CMakeFiles/kiibohd.elf.dir/Lib/mk20dx.c.obj
                0x0000000000002484                nmi_isr
                0x0000000000002484                nmi_default_isr
 .text.hard_fault_default_isr
                0x0000000000002490       0x34 CMakeFiles/kiibohd.elf.dir/Lib/mk20dx.c.obj
                0x0000000000002490                hard_fault_isr
                0x0000000000002490                hard_fault_default_isr
 .text.memmanage_fault_default_isr
                0x00000000000024c4       0x40 CMakeFiles/kiibohd.elf.dir/Lib/mk20dx.c.obj
                0x00000000000024c4                memmanage_fault_default_isr
                0x00000000000024c4                memmanage_fault_isr
 .text.bus_fault_default_isr
                0x0000000000002504       0x40 CMakeFiles/kiibohd.elf.dir/Lib/mk20dx.c.obj
                0x0000000000002504                bus_fault_isr
                0x0000000000002504                bus_fault_default_isr
 .text.usage_fault_default_isr
                0x0000000000002544       0x28 CMakeFiles/kiibohd.elf.dir/Lib/mk20dx.c.obj
                0x0000000000002544                usage_fault_default_isr
                0x0000000000002544                usage_fault_isr
 .text.memset   0x000000000000256c       0x10 CMakeFiles/kiibohd.elf.dir/Lib/mk20dx.c.obj
                0x000000000000256c                memset
 .text.memcpy   0x000000000000257c       0x18 CMakeFiles/kiibohd.elf.dir/Lib/mk20dx.c.obj
                0x000000000000257c                memcpy
 .text.yield    0x0000000000002594        0x2 CMakeFiles/kiibohd.elf.dir/Lib/delay.c.obj
                0x0000000000002594                yield
 *fill*         0x0000000000002596        0x2 
 .text.micros   0x0000000000002598       0x44 CMakeFiles/kiibohd.elf.dir/Lib/delay.c.obj
                0x0000000000002598                micros
 .text.delay    0x00000000000025dc       0x26 CMakeFiles/kiibohd.elf.dir/Lib/delay.c.obj
                0x00000000000025dc                delay
 .text.I2C_BufferLen
                0x0000000000002602       0x14 CMakeFiles/kiibohd.elf.dir/Scan/ISSILed/led_scan.c.obj
                0x0000000000002602                I2C_BufferLen
 *fill*         0x0000000000002616        0x2 
 .text.I2C_BufferPush
                0x0000000000002618       0x60 CMakeFiles/kiibohd.elf.dir/Scan/ISSILed/led_scan.c.obj
                0x0000000000002618                I2C_BufferPush
 .text.I2C_TxBufferPop
                0x0000000000002678       0xa4 CMakeFiles/kiibohd.elf.dir/Scan/ISSILed/led_scan.c.obj
                0x0000000000002678                I2C_TxBufferPop
 .text.i2c0_isr
                0x000000000000271c      0x118 CMakeFiles/kiibohd.elf.dir/Scan/ISSILed/led_scan.c.obj
                0x000000000000271c                i2c0_isr
 .text.I2C_Send
                0x0000000000002834       0xe0 CMakeFiles/kiibohd.elf.dir/Scan/ISSILed/led_scan.c.obj
                0x0000000000002834                I2C_Send
 .text.LED_zeroPages
                0x0000000000002914       0x78 CMakeFiles/kiibohd.elf.dir/Scan/ISSILed/led_scan.c.obj
                0x0000000000002914                LED_zeroPages
 .text.cliFunc_ledZero
                0x000000000000298c       0x1c CMakeFiles/kiibohd.elf.dir/Scan/ISSILed/led_scan.c.obj
                0x000000000000298c                cliFunc_ledZero
 .text.LED_sendPage
                0x00000000000029a8       0x42 CMakeFiles/kiibohd.elf.dir/Scan/ISSILed/led_scan.c.obj
                0x00000000000029a8                LED_sendPage
 *fill*         0x00000000000029ea        0x2 
 .text.cliFunc_ledTest
                0x00000000000029ec       0x20 CMakeFiles/kiibohd.elf.dir/Scan/ISSILed/led_scan.c.obj
                0x00000000000029ec                cliFunc_ledTest
 .text.LED_writeReg
                0x0000000000002a0c       0x4a CMakeFiles/kiibohd.elf.dir/Scan/ISSILed/led_scan.c.obj
                0x0000000000002a0c                LED_writeReg
 *fill*         0x0000000000002a56        0x2 
 .text.LED_setup
                0x0000000000002a58       0xc4 CMakeFiles/kiibohd.elf.dir/Scan/ISSILed/led_scan.c.obj
                0x0000000000002a58                LED_setup
 .text.cliFunc_ledStart
                0x0000000000002b1c       0x34 CMakeFiles/kiibohd.elf.dir/Scan/ISSILed/led_scan.c.obj
                0x0000000000002b1c                cliFunc_ledStart
 .text.LED_readPage
                0x0000000000002b50       0x98 CMakeFiles/kiibohd.elf.dir/Scan/ISSILed/led_scan.c.obj
                0x0000000000002b50                LED_readPage
 .text.cliFunc_ledRPage
                0x0000000000002be8       0x2c CMakeFiles/kiibohd.elf.dir/Scan/ISSILed/led_scan.c.obj
                0x0000000000002be8                cliFunc_ledRPage
 .text.cliFunc_i2cSend
                0x0000000000002c14       0x88 CMakeFiles/kiibohd.elf.dir/Scan/ISSILed/led_scan.c.obj
                0x0000000000002c14                cliFunc_i2cSend
 .text.cliFunc_i2cRecv
                0x0000000000002c9c       0x88 CMakeFiles/kiibohd.elf.dir/Scan/ISSILed/led_scan.c.obj
                0x0000000000002c9c                cliFunc_i2cRecv
 .text.cliFunc_ledWPage
                0x0000000000002d24       0xa0 CMakeFiles/kiibohd.elf.dir/Scan/ISSILed/led_scan.c.obj
                0x0000000000002d24                cliFunc_ledWPage
 .text.LED_scan
                0x0000000000002dc4       0x2c CMakeFiles/kiibohd.elf.dir/Scan/ISSILed/led_scan.c.obj
                0x0000000000002dc4                LED_scan
 .text.LED_currentChange
                0x0000000000002df0        0xc CMakeFiles/kiibohd.elf.dir/Scan/ISSILed/led_scan.c.obj
                0x0000000000002df0                LED_currentChange
 .text.LED_control
                0x0000000000002dfc       0x94 CMakeFiles/kiibohd.elf.dir/Scan/ISSILed/led_scan.c.obj
                0x0000000000002dfc                LED_control
 .text.cliFunc_ledCtrl
                0x0000000000002e90       0x5e CMakeFiles/kiibohd.elf.dir/Scan/ISSILed/led_scan.c.obj
                0x0000000000002e90                cliFunc_ledCtrl
 *fill*         0x0000000000002eee        0x2 
 .text.LED_control_capability
                0x0000000000002ef0       0x98 CMakeFiles/kiibohd.elf.dir/Scan/ISSILed/led_scan.c.obj
                0x0000000000002ef0                LED_control_capability
 .text.cliFunc_matrixInfo
                0x0000000000002f88       0x54 CMakeFiles/kiibohd.elf.dir/Scan/MatrixARM/matrix_scan.c.obj
                0x0000000000002f88                cliFunc_matrixInfo
 .text.cliFunc_matrixState
                0x0000000000002fdc       0x24 CMakeFiles/kiibohd.elf.dir/Scan/MatrixARM/matrix_scan.c.obj
                0x0000000000002fdc                cliFunc_matrixState
 .text.cliFunc_matrixDebug
                0x0000000000003000       0x5c CMakeFiles/kiibohd.elf.dir/Scan/MatrixARM/matrix_scan.c.obj
                0x0000000000003000                cliFunc_matrixDebug
 .text.Matrix_pin
                0x000000000000305c       0xd0 CMakeFiles/kiibohd.elf.dir/Scan/MatrixARM/matrix_scan.c.obj
                0x000000000000305c                Matrix_pin
 .text.Matrix_setup
                0x000000000000312c       0x9c CMakeFiles/kiibohd.elf.dir/Scan/MatrixARM/matrix_scan.c.obj
                0x000000000000312c                Matrix_setup
 .text.Matrix_keyPositionDebug
                0x00000000000031c8       0x38 CMakeFiles/kiibohd.elf.dir/Scan/MatrixARM/matrix_scan.c.obj
                0x00000000000031c8                Matrix_keyPositionDebug
 .text.Matrix_scan
                0x0000000000003200      0x2d0 CMakeFiles/kiibohd.elf.dir/Scan/MatrixARM/matrix_scan.c.obj
                0x0000000000003200                Matrix_scan
 .text.Matrix_currentChange
                0x00000000000034d0        0x2 CMakeFiles/kiibohd.elf.dir/Scan/MatrixARM/matrix_scan.c.obj
                0x00000000000034d0                Matrix_currentChange
 *fill*         0x00000000000034d2        0x2 
 .text.cliFunc_lcdColor
                0x00000000000034d4       0x48 CMakeFiles/kiibohd.elf.dir/Scan/STLcd/lcd_scan.c.obj
                0x00000000000034d4                cliFunc_lcdColor
 .text.SPI_write
                0x000000000000351c       0x50 CMakeFiles/kiibohd.elf.dir/Scan/STLcd/lcd_scan.c.obj
                0x000000000000351c                SPI_write
 .text.LCD_writeControlReg
                0x000000000000356c       0x50 CMakeFiles/kiibohd.elf.dir/Scan/STLcd/lcd_scan.c.obj
                0x000000000000356c                LCD_writeControlReg
 .text.cliFunc_lcdDisp
                0x00000000000035bc       0x78 CMakeFiles/kiibohd.elf.dir/Scan/STLcd/lcd_scan.c.obj
                0x00000000000035bc                cliFunc_lcdDisp
 .text.LCD_writeDataReg
                0x0000000000003634       0x44 CMakeFiles/kiibohd.elf.dir/Scan/STLcd/lcd_scan.c.obj
                0x0000000000003634                LCD_writeDataReg
 .text.cliFunc_lcdCmd
                0x0000000000003678       0x84 CMakeFiles/kiibohd.elf.dir/Scan/STLcd/lcd_scan.c.obj
                0x0000000000003678                cliFunc_lcdCmd
 .text.LCD_writeDisplayReg
                0x00000000000036fc       0x30 CMakeFiles/kiibohd.elf.dir/Scan/STLcd/lcd_scan.c.obj
                0x00000000000036fc                LCD_writeDisplayReg
 .text.cliFunc_lcdTest
                0x000000000000372c       0x20 CMakeFiles/kiibohd.elf.dir/Scan/STLcd/lcd_scan.c.obj
                0x000000000000372c                cliFunc_lcdTest
 .text.LCD_clear
                0x000000000000374c       0x6c CMakeFiles/kiibohd.elf.dir/Scan/STLcd/lcd_scan.c.obj
                0x000000000000374c                LCD_clear
 .text.LCD_initialize
                0x00000000000037b8       0x46 CMakeFiles/kiibohd.elf.dir/Scan/STLcd/lcd_scan.c.obj
                0x00000000000037b8                LCD_initialize
 .text.cliFunc_lcdInit
                0x00000000000037fe        0x4 CMakeFiles/kiibohd.elf.dir/Scan/STLcd/lcd_scan.c.obj
                0x00000000000037fe                cliFunc_lcdInit
 *fill*         0x0000000000003802        0x2 
 .text.LCD_setup
                0x0000000000003804      0x114 CMakeFiles/kiibohd.elf.dir/Scan/STLcd/lcd_scan.c.obj
                0x0000000000003804                LCD_setup
 .text.LCD_scan
                0x0000000000003918       0x78 CMakeFiles/kiibohd.elf.dir/Scan/STLcd/lcd_scan.c.obj
                0x0000000000003918                LCD_scan
 .text.LCD_currentChange
                0x0000000000003990        0x2 CMakeFiles/kiibohd.elf.dir/Scan/STLcd/lcd_scan.c.obj
                0x0000000000003990                LCD_currentChange
 *fill*         0x0000000000003992        0x2 
 .text.LCD_layerStackExact_capability
                0x0000000000003994      0x124 CMakeFiles/kiibohd.elf.dir/Scan/STLcd/lcd_scan.c.obj
                0x0000000000003994                LCD_layerStackExact_capability
 .text.LCD_layerStack_capability
                0x0000000000003ab8       0xc0 CMakeFiles/kiibohd.elf.dir/Scan/STLcd/lcd_scan.c.obj
                0x0000000000003ab8                LCD_layerStack_capability
 .text.Connect_receive_Animation
                0x0000000000003b78       0x10 CMakeFiles/kiibohd.elf.dir/Scan/UARTConnect/connect_scan.c.obj
                0x0000000000003b78                Connect_receive_Animation
 .text.cliFunc_connectDbg
                0x0000000000003b88       0x28 CMakeFiles/kiibohd.elf.dir/Scan/UARTConnect/connect_scan.c.obj
                0x0000000000003b88                cliFunc_connectDbg
 .text.Connect_receive_CableCheck
                0x0000000000003bb0      0x134 CMakeFiles/kiibohd.elf.dir/Scan/UARTConnect/connect_scan.c.obj
                0x0000000000003bb0                Connect_receive_CableCheck
 .text.cliFunc_connectLst
                0x0000000000003ce4       0x58 CMakeFiles/kiibohd.elf.dir/Scan/UARTConnect/connect_scan.c.obj
                0x0000000000003ce4                cliFunc_connectLst
 .text.cliFunc_connectSts
                0x0000000000003d3c      0x148 CMakeFiles/kiibohd.elf.dir/Scan/UARTConnect/connect_scan.c.obj
                0x0000000000003d3c                cliFunc_connectSts
 .text.cliFunc_connectMst
                0x0000000000003e84       0x70 CMakeFiles/kiibohd.elf.dir/Scan/UARTConnect/connect_scan.c.obj
                0x0000000000003e84                cliFunc_connectMst
 .text.Connect_addBytes.part.1
                0x0000000000003ef4       0xc8 CMakeFiles/kiibohd.elf.dir/Scan/UARTConnect/connect_scan.c.obj
 .text.Connect_receive_ScanCode
                0x0000000000003fbc      0x178 CMakeFiles/kiibohd.elf.dir/Scan/UARTConnect/connect_scan.c.obj
                0x0000000000003fbc                Connect_receive_ScanCode
 .text.Connect_addBytes
                0x0000000000004134       0x20 CMakeFiles/kiibohd.elf.dir/Scan/UARTConnect/connect_scan.c.obj
                0x0000000000004134                Connect_addBytes
 .text.Connect_receive_RemoteCapability
                0x0000000000004154      0x114 CMakeFiles/kiibohd.elf.dir/Scan/UARTConnect/connect_scan.c.obj
                0x0000000000004154                Connect_receive_RemoteCapability
 .text.Connect_send_CableCheck
                0x0000000000004268       0x88 CMakeFiles/kiibohd.elf.dir/Scan/UARTConnect/connect_scan.c.obj
                0x0000000000004268                Connect_send_CableCheck
 .text.Connect_send_IdRequest
                0x00000000000042f0       0x40 CMakeFiles/kiibohd.elf.dir/Scan/UARTConnect/connect_scan.c.obj
                0x00000000000042f0                Connect_send_IdRequest
 .text.Connect_send_IdEnumeration
                0x0000000000004330       0x44 CMakeFiles/kiibohd.elf.dir/Scan/UARTConnect/connect_scan.c.obj
                0x0000000000004330                Connect_send_IdEnumeration
 .text.Connect_receive_IdRequest
                0x0000000000004374       0x38 CMakeFiles/kiibohd.elf.dir/Scan/UARTConnect/connect_scan.c.obj
                0x0000000000004374                Connect_receive_IdRequest
 .text.Connect_send_IdReport
                0x00000000000043ac       0x44 CMakeFiles/kiibohd.elf.dir/Scan/UARTConnect/connect_scan.c.obj
                0x00000000000043ac                Connect_send_IdReport
 .text.Connect_receive_IdEnumeration
                0x00000000000043f0       0x4c CMakeFiles/kiibohd.elf.dir/Scan/UARTConnect/connect_scan.c.obj
                0x00000000000043f0                Connect_receive_IdEnumeration
 .text.Connect_receive_IdReport
                0x000000000000443c       0x60 CMakeFiles/kiibohd.elf.dir/Scan/UARTConnect/connect_scan.c.obj
                0x000000000000443c                Connect_receive_IdReport
 .text.Connect_send_ScanCode
                0x000000000000449c       0x5c CMakeFiles/kiibohd.elf.dir/Scan/UARTConnect/connect_scan.c.obj
                0x000000000000449c                Connect_send_ScanCode
 .text.cliFunc_connectCmd
                0x00000000000044f8       0x68 CMakeFiles/kiibohd.elf.dir/Scan/UARTConnect/connect_scan.c.obj
                0x00000000000044f8                cliFunc_connectCmd
 .text.Connect_send_RemoteCapability
                0x0000000000004560       0xc4 CMakeFiles/kiibohd.elf.dir/Scan/UARTConnect/connect_scan.c.obj
                0x0000000000004560                Connect_send_RemoteCapability
 .text.Connect_send_Idle
                0x0000000000004624       0x64 CMakeFiles/kiibohd.elf.dir/Scan/UARTConnect/connect_scan.c.obj
                0x0000000000004624                Connect_send_Idle
 .text.cliFunc_connectIdl
                0x0000000000004688       0x38 CMakeFiles/kiibohd.elf.dir/Scan/UARTConnect/connect_scan.c.obj
                0x0000000000004688                cliFunc_connectIdl
 .text.Connect_reset
                0x00000000000046c0       0x48 CMakeFiles/kiibohd.elf.dir/Scan/UARTConnect/connect_scan.c.obj
                0x00000000000046c0                Connect_reset
 .text.cliFunc_connectRst
                0x0000000000004708       0x28 CMakeFiles/kiibohd.elf.dir/Scan/UARTConnect/connect_scan.c.obj
                0x0000000000004708                cliFunc_connectRst
 .text.Connect_setup
                0x0000000000004730      0x1c0 CMakeFiles/kiibohd.elf.dir/Scan/UARTConnect/connect_scan.c.obj
                0x0000000000004730                Connect_setup
 .text.Connect_rx_process
                0x00000000000048f0      0x1bc CMakeFiles/kiibohd.elf.dir/Scan/UARTConnect/connect_scan.c.obj
                0x00000000000048f0                Connect_rx_process
 .text.Connect_scan
                0x0000000000004aac      0x1e4 CMakeFiles/kiibohd.elf.dir/Scan/UARTConnect/connect_scan.c.obj
                0x0000000000004aac                Connect_scan
 .text.Connect_currentChange
                0x0000000000004c90        0x2 CMakeFiles/kiibohd.elf.dir/Scan/UARTConnect/connect_scan.c.obj
                0x0000000000004c90                Connect_currentChange
 *fill*         0x0000000000004c92        0x2 
 .text.Scan_setup
                0x0000000000004c94       0x28 CMakeFiles/kiibohd.elf.dir/Scan/Infinity_Ergodox/scan_loop.c.obj
                0x0000000000004c94                Scan_setup
 .text.Scan_loop
                0x0000000000004cbc       0x24 CMakeFiles/kiibohd.elf.dir/Scan/Infinity_Ergodox/scan_loop.c.obj
                0x0000000000004cbc                Scan_loop
 .text.Scan_finishedWithMacro
                0x0000000000004ce0        0x2 CMakeFiles/kiibohd.elf.dir/Scan/Infinity_Ergodox/scan_loop.c.obj
                0x0000000000004ce0                Scan_finishedWithMacro
 *fill*         0x0000000000004ce2        0x2 
 .text.Scan_finishedWithOutput
                0x0000000000004ce4        0xc CMakeFiles/kiibohd.elf.dir/Scan/Infinity_Ergodox/scan_loop.c.obj
                0x0000000000004ce4                Scan_finishedWithOutput
 .text.Scan_currentChange
                0x0000000000004cf0       0x1e CMakeFiles/kiibohd.elf.dir/Scan/Infinity_Ergodox/scan_loop.c.obj
                0x0000000000004cf0                Scan_currentChange
 *fill*         0x0000000000004d0e        0x2 
 .text.cliFunc_capList
                0x0000000000004d10       0x58 CMakeFiles/kiibohd.elf.dir/Macro/PartialMap/macro.c.obj
                0x0000000000004d10                cliFunc_capList
 .text.cliFunc_macroStep
                0x0000000000004d68       0x28 CMakeFiles/kiibohd.elf.dir/Macro/PartialMap/macro.c.obj
                0x0000000000004d68                cliFunc_macroStep
 .text.cliFunc_capSelect
                0x0000000000004d90      0x108 CMakeFiles/kiibohd.elf.dir/Macro/PartialMap/macro.c.obj
                0x0000000000004d90                cliFunc_capSelect
 .text.cliFunc_layerDebug
                0x0000000000004e98       0x30 CMakeFiles/kiibohd.elf.dir/Macro/PartialMap/macro.c.obj
                0x0000000000004e98                cliFunc_layerDebug
 .text.cliFunc_layerState
                0x0000000000004ec8       0x70 CMakeFiles/kiibohd.elf.dir/Macro/PartialMap/macro.c.obj
                0x0000000000004ec8                cliFunc_layerState
 .text.cliFunc_macroDebug
                0x0000000000004f38       0x30 CMakeFiles/kiibohd.elf.dir/Macro/PartialMap/macro.c.obj
                0x0000000000004f38                cliFunc_macroDebug
 .text.cliFunc_macroProc
                0x0000000000004f68       0x30 CMakeFiles/kiibohd.elf.dir/Macro/PartialMap/macro.c.obj
                0x0000000000004f68                cliFunc_macroProc
 .text.cliFunc_layerList
                0x0000000000004f98       0x94 CMakeFiles/kiibohd.elf.dir/Macro/PartialMap/macro.c.obj
                0x0000000000004f98                cliFunc_layerList
 .text.cliFunc_macroList
                0x000000000000502c      0x164 CMakeFiles/kiibohd.elf.dir/Macro/PartialMap/macro.c.obj
                0x000000000000502c                cliFunc_macroList
 .text.Macro_layerState
                0x0000000000005190       0xd0 CMakeFiles/kiibohd.elf.dir/Macro/PartialMap/macro.c.obj
                0x0000000000005190                Macro_layerState
 .text.Macro_layerState_capability
                0x0000000000005260       0x28 CMakeFiles/kiibohd.elf.dir/Macro/PartialMap/macro.c.obj
                0x0000000000005260                Macro_layerState_capability
 .text.Macro_layerLatch_capability
                0x0000000000005288       0x28 CMakeFiles/kiibohd.elf.dir/Macro/PartialMap/macro.c.obj
                0x0000000000005288                Macro_layerLatch_capability
 .text.Macro_layerLock_capability
                0x00000000000052b0       0x28 CMakeFiles/kiibohd.elf.dir/Macro/PartialMap/macro.c.obj
                0x00000000000052b0                Macro_layerLock_capability
 .text.Macro_layerShift_capability
                0x00000000000052d8       0x3c CMakeFiles/kiibohd.elf.dir/Macro/PartialMap/macro.c.obj
                0x00000000000052d8                Macro_layerShift_capability
 .text.Macro_layerRotate_capability
                0x0000000000005314       0x70 CMakeFiles/kiibohd.elf.dir/Macro/PartialMap/macro.c.obj
                0x0000000000005314                Macro_layerRotate_capability
 .text.Macro_layerLookup
                0x0000000000005384      0x130 CMakeFiles/kiibohd.elf.dir/Macro/PartialMap/macro.c.obj
                0x0000000000005384                Macro_layerLookup
 .text.Macro_pressReleaseAdd
                0x00000000000054b4       0xbc CMakeFiles/kiibohd.elf.dir/Macro/PartialMap/macro.c.obj
                0x00000000000054b4                Macro_pressReleaseAdd
 .text.Macro_keyState
                0x0000000000005570       0x60 CMakeFiles/kiibohd.elf.dir/Macro/PartialMap/macro.c.obj
                0x0000000000005570                Macro_keyState
 .text.cliFunc_keyHold
                0x00000000000055d0       0x30 CMakeFiles/kiibohd.elf.dir/Macro/PartialMap/macro.c.obj
                0x00000000000055d0                cliFunc_keyHold
 .text.cliFunc_keyPress
                0x0000000000005600       0x30 CMakeFiles/kiibohd.elf.dir/Macro/PartialMap/macro.c.obj
                0x0000000000005600                cliFunc_keyPress
 .text.cliFunc_keyRelease
                0x0000000000005630       0x30 CMakeFiles/kiibohd.elf.dir/Macro/PartialMap/macro.c.obj
                0x0000000000005630                cliFunc_keyRelease
 .text.Macro_appendResultMacroToPendingList
                0x0000000000005660       0x98 CMakeFiles/kiibohd.elf.dir/Macro/PartialMap/macro.c.obj
                0x0000000000005660                Macro_appendResultMacroToPendingList
 .text.Macro_process
                0x00000000000056f8      0x104 CMakeFiles/kiibohd.elf.dir/Macro/PartialMap/macro.c.obj
                0x00000000000056f8                Macro_process
 .text.Macro_setup
                0x00000000000057fc       0x48 CMakeFiles/kiibohd.elf.dir/Macro/PartialMap/macro.c.obj
                0x00000000000057fc                Macro_setup
 .text.macroDebugShowTrigger
                0x0000000000005844      0x110 CMakeFiles/kiibohd.elf.dir/Macro/PartialMap/macro.c.obj
                0x0000000000005844                macroDebugShowTrigger
 .text.macroDebugShowResult
                0x0000000000005954      0x170 CMakeFiles/kiibohd.elf.dir/Macro/PartialMap/macro.c.obj
                0x0000000000005954                macroDebugShowResult
 .text.cliFunc_macroShow
                0x0000000000005ac4       0x40 CMakeFiles/kiibohd.elf.dir/Macro/PartialMap/macro.c.obj
                0x0000000000005ac4                cliFunc_macroShow
 .text.Macro_evalResultMacro
                0x0000000000005b04       0x94 CMakeFiles/kiibohd.elf.dir/Macro/PartialMap/result.c.obj
                0x0000000000005b04                Macro_evalResultMacro
 .text.Result_setup
                0x0000000000005b98       0x2c CMakeFiles/kiibohd.elf.dir/Macro/PartialMap/result.c.obj
                0x0000000000005b98                Result_setup
 .text.Result_process
                0x0000000000005bc4       0x4c CMakeFiles/kiibohd.elf.dir/Macro/PartialMap/result.c.obj
                0x0000000000005bc4                Result_process
 .text.Macro_evalTriggerMacro
                0x0000000000005c10      0x25c CMakeFiles/kiibohd.elf.dir/Macro/PartialMap/trigger.c.obj
                0x0000000000005c10                Macro_evalTriggerMacro
 .text.Trigger_setup
                0x0000000000005e6c       0x1c CMakeFiles/kiibohd.elf.dir/Macro/PartialMap/trigger.c.obj
                0x0000000000005e6c                Trigger_setup
 .text.Trigger_process
                0x0000000000005e88      0x118 CMakeFiles/kiibohd.elf.dir/Macro/PartialMap/trigger.c.obj
                0x0000000000005e88                Trigger_process
 .text.cliFunc_sendKeys
                0x0000000000005fa0       0x24 CMakeFiles/kiibohd.elf.dir/Output/pjrcUSB/output_com.c.obj
                0x0000000000005fa0                cliFunc_sendKeys
 .text.cliFunc_setKeys
                0x0000000000005fc4       0x38 CMakeFiles/kiibohd.elf.dir/Output/pjrcUSB/output_com.c.obj
                0x0000000000005fc4                cliFunc_setKeys
 .text.cliFunc_outputDebug
                0x0000000000005ffc       0x24 CMakeFiles/kiibohd.elf.dir/Output/pjrcUSB/output_com.c.obj
                0x0000000000005ffc                cliFunc_outputDebug
 .text.cliFunc_setMod
                0x0000000000006020       0x20 CMakeFiles/kiibohd.elf.dir/Output/pjrcUSB/output_com.c.obj
                0x0000000000006020                cliFunc_setMod
 .text.cliFunc_readLEDs
                0x0000000000006040       0x28 CMakeFiles/kiibohd.elf.dir/Output/pjrcUSB/output_com.c.obj
                0x0000000000006040                cliFunc_readLEDs
 .text.cliFunc_usbInitTime
                0x0000000000006068       0x54 CMakeFiles/kiibohd.elf.dir/Output/pjrcUSB/output_com.c.obj
                0x0000000000006068                cliFunc_usbInitTime
 .text.cliFunc_kbdProtocol
                0x00000000000060bc       0x54 CMakeFiles/kiibohd.elf.dir/Output/pjrcUSB/output_com.c.obj
                0x00000000000060bc                cliFunc_kbdProtocol
 .text.Output_consCtrlSend_capability
                0x0000000000006110       0x44 CMakeFiles/kiibohd.elf.dir/Output/pjrcUSB/output_com.c.obj
                0x0000000000006110                Output_consCtrlSend_capability
 .text.Output_noneSend_capability
                0x0000000000006154       0x14 CMakeFiles/kiibohd.elf.dir/Output/pjrcUSB/output_com.c.obj
                0x0000000000006154                Output_noneSend_capability
 .text.Output_sysCtrlSend_capability
                0x0000000000006168       0x44 CMakeFiles/kiibohd.elf.dir/Output/pjrcUSB/output_com.c.obj
                0x0000000000006168                Output_sysCtrlSend_capability
 .text.Output_flashMode_capability
                0x00000000000061ac       0x18 CMakeFiles/kiibohd.elf.dir/Output/pjrcUSB/output_com.c.obj
                0x00000000000061ac                Output_flashMode_capability
 .text.Output_usbMouse_capability
                0x00000000000061c4       0x84 CMakeFiles/kiibohd.elf.dir/Output/pjrcUSB/output_com.c.obj
                0x00000000000061c4                Output_usbMouse_capability
 .text.Output_flushBuffers
                0x0000000000006248       0x40 CMakeFiles/kiibohd.elf.dir/Output/pjrcUSB/output_com.c.obj
                0x0000000000006248                Output_flushBuffers
 .text.Output_kbdProtocolBoot_capability
                0x0000000000006288       0x30 CMakeFiles/kiibohd.elf.dir/Output/pjrcUSB/output_com.c.obj
                0x0000000000006288                Output_kbdProtocolBoot_capability
 .text.Output_kbdProtocolNKRO_capability
                0x00000000000062b8       0x34 CMakeFiles/kiibohd.elf.dir/Output/pjrcUSB/output_com.c.obj
                0x00000000000062b8                Output_kbdProtocolNKRO_capability
 .text.Output_toggleKbdProtocol_capability
                0x00000000000062ec       0x34 CMakeFiles/kiibohd.elf.dir/Output/pjrcUSB/output_com.c.obj
                0x00000000000062ec                Output_toggleKbdProtocol_capability
 .text.Output_usbCodeSend_capability
                0x0000000000006320      0x1f8 CMakeFiles/kiibohd.elf.dir/Output/pjrcUSB/output_com.c.obj
                0x0000000000006320                Output_usbCodeSend_capability
 .text.Output_setup
                0x0000000000006518       0x20 CMakeFiles/kiibohd.elf.dir/Output/pjrcUSB/output_com.c.obj
                0x0000000000006518                Output_setup
 .text.Output_send
                0x0000000000006538       0x78 CMakeFiles/kiibohd.elf.dir/Output/pjrcUSB/output_com.c.obj
                0x0000000000006538                Output_send
 .text.Output_availablechar
                0x00000000000065b0        0x4 CMakeFiles/kiibohd.elf.dir/Output/pjrcUSB/output_com.c.obj
                0x00000000000065b0                Output_availablechar
 .text.Output_getchar
                0x00000000000065b4        0x4 CMakeFiles/kiibohd.elf.dir/Output/pjrcUSB/output_com.c.obj
                0x00000000000065b4                Output_getchar
 .text.Output_putstr
                0x00000000000065b8       0x10 CMakeFiles/kiibohd.elf.dir/Output/pjrcUSB/output_com.c.obj
                0x00000000000065b8                Output_putstr
 .text.Output_softReset
                0x00000000000065c8       0x10 CMakeFiles/kiibohd.elf.dir/Output/pjrcUSB/output_com.c.obj
                0x00000000000065c8                Output_softReset
 .text.Output_current_available
                0x00000000000065d8       0x18 CMakeFiles/kiibohd.elf.dir/Output/pjrcUSB/output_com.c.obj
                0x00000000000065d8                Output_current_available
 .text.Output_update_usb_current
                0x00000000000065f0       0x20 CMakeFiles/kiibohd.elf.dir/Output/pjrcUSB/output_com.c.obj
                0x00000000000065f0                Output_update_usb_current
 .text.Output_update_external_current
                0x0000000000006610       0x40 CMakeFiles/kiibohd.elf.dir/Output/pjrcUSB/output_com.c.obj
                0x0000000000006610                Output_update_external_current
 .text.usb_set_config_descriptor_size
                0x0000000000006650       0x10 CMakeFiles/kiibohd.elf.dir/Output/pjrcUSB/arm/usb_desc.c.obj
                0x0000000000006650                usb_set_config_descriptor_size
 .text.endpoint0_transmit
                0x0000000000006660       0x40 CMakeFiles/kiibohd.elf.dir/Output/pjrcUSB/arm/usb_dev.c.obj
 .text.usb_device_check
                0x00000000000066a0       0x30 CMakeFiles/kiibohd.elf.dir/Output/pjrcUSB/arm/usb_dev.c.obj
                0x00000000000066a0                usb_device_check
 .text.usb_rx   0x00000000000066d0       0x38 CMakeFiles/kiibohd.elf.dir/Output/pjrcUSB/arm/usb_dev.c.obj
                0x00000000000066d0                usb_rx
 .text.usb_tx_packet_count
                0x0000000000006708       0x24 CMakeFiles/kiibohd.elf.dir/Output/pjrcUSB/arm/usb_dev.c.obj
                0x0000000000006708                usb_tx_packet_count
 .text.usb_rx_memory
                0x000000000000672c       0x78 CMakeFiles/kiibohd.elf.dir/Output/pjrcUSB/arm/usb_dev.c.obj
                0x000000000000672c                usb_rx_memory
 .text.usb_resume
                0x00000000000067a4       0x44 CMakeFiles/kiibohd.elf.dir/Output/pjrcUSB/arm/usb_dev.c.obj
                0x00000000000067a4                usb_resume
 .text.usb_tx   0x00000000000067e8       0xa4 CMakeFiles/kiibohd.elf.dir/Output/pjrcUSB/arm/usb_dev.c.obj
                0x00000000000067e8                usb_tx
 .text.usb_device_reload
                0x000000000000688c       0x34 CMakeFiles/kiibohd.elf.dir/Output/pjrcUSB/arm/usb_dev.c.obj
                0x000000000000688c                usb_device_reload
 .text.usb_isr  0x00000000000068c0      0x830 CMakeFiles/kiibohd.elf.dir/Output/pjrcUSB/arm/usb_dev.c.obj
                0x00000000000068c0                usb_isr
 .text.usb_init
                0x00000000000070f0      0x120 CMakeFiles/kiibohd.elf.dir/Output/pjrcUSB/arm/usb_dev.c.obj
                0x00000000000070f0                usb_init
 .text.usb_keyboard_send
                0x0000000000007210      0x2dc CMakeFiles/kiibohd.elf.dir/Output/pjrcUSB/arm/usb_keyboard.c.obj
                0x0000000000007210                usb_keyboard_send
 .text.usb_malloc
                0x00000000000074ec       0x3c CMakeFiles/kiibohd.elf.dir/Output/pjrcUSB/arm/usb_mem.c.obj
                0x00000000000074ec                usb_malloc
 .text.usb_free
                0x0000000000007528       0x44 CMakeFiles/kiibohd.elf.dir/Output/pjrcUSB/arm/usb_mem.c.obj
                0x0000000000007528                usb_free
 .text.usb_mouse_send
                0x000000000000756c       0xa8 CMakeFiles/kiibohd.elf.dir/Output/pjrcUSB/arm/usb_mouse.c.obj
                0x000000000000756c                usb_mouse_send
 .text.usb_serial_getchar
                0x0000000000007614       0x4c CMakeFiles/kiibohd.elf.dir/Output/pjrcUSB/arm/usb_serial.c.obj
                0x0000000000007614                usb_serial_getchar
 .text.usb_serial_available
                0x0000000000007660       0x1c CMakeFiles/kiibohd.elf.dir/Output/pjrcUSB/arm/usb_serial.c.obj
                0x0000000000007660                usb_serial_available
 .text.usb_serial_write
                0x000000000000767c       0xdc CMakeFiles/kiibohd.elf.dir/Output/pjrcUSB/arm/usb_serial.c.obj
                0x000000000000767c                usb_serial_write
 .text.usb_serial_flush_callback
                0x0000000000007758       0x48 CMakeFiles/kiibohd.elf.dir/Output/pjrcUSB/arm/usb_serial.c.obj
                0x0000000000007758                usb_serial_flush_callback
 .text.cliFunc_clear
                0x00000000000077a0        0xc CMakeFiles/kiibohd.elf.dir/Debug/cli/cli.c.obj
                0x00000000000077a0                cliFunc_clear
 .text.cliFunc_reload
                0x00000000000077ac       0x24 CMakeFiles/kiibohd.elf.dir/Debug/cli/cli.c.obj
                0x00000000000077ac                cliFunc_reload
 .text.cliFunc_reset
                0x00000000000077d0        0xc CMakeFiles/kiibohd.elf.dir/Debug/cli/cli.c.obj
                0x00000000000077d0                cliFunc_reset
 .text.cliFunc_help
                0x00000000000077dc       0xb0 CMakeFiles/kiibohd.elf.dir/Debug/cli/cli.c.obj
                0x00000000000077dc                cliFunc_help
 .text.cliFunc_led
                0x000000000000788c       0x14 CMakeFiles/kiibohd.elf.dir/Debug/cli/cli.c.obj
                0x000000000000788c                cliFunc_led
 .text.cliFunc_restart
                0x00000000000078a0        0x4 CMakeFiles/kiibohd.elf.dir/Debug/cli/cli.c.obj
                0x00000000000078a0                cliFunc_restart
 .text.cliFunc_version
                0x00000000000078a4       0xd4 CMakeFiles/kiibohd.elf.dir/Debug/cli/cli.c.obj
                0x00000000000078a4                cliFunc_version
 .text.cliFunc_cliDebug
                0x0000000000007978       0x38 CMakeFiles/kiibohd.elf.dir/Debug/cli/cli.c.obj
                0x0000000000007978                cliFunc_cliDebug
 .text.CLI_argumentIsolation
                0x00000000000079b0       0x24 CMakeFiles/kiibohd.elf.dir/Debug/cli/cli.c.obj
                0x00000000000079b0                CLI_argumentIsolation
 .text.CLI_commandLookup
                0x00000000000079d4       0xcc CMakeFiles/kiibohd.elf.dir/Debug/cli/cli.c.obj
                0x00000000000079d4                CLI_commandLookup
 .text.CLI_registerDictionary
                0x0000000000007aa0       0x38 CMakeFiles/kiibohd.elf.dir/Debug/cli/cli.c.obj
                0x0000000000007aa0                CLI_registerDictionary
 .text.CLI_init
                0x0000000000007ad8       0x68 CMakeFiles/kiibohd.elf.dir/Debug/cli/cli.c.obj
                0x0000000000007ad8                CLI_init
 .text.CLI_tabCompletion
                0x0000000000007b40       0xc4 CMakeFiles/kiibohd.elf.dir/Debug/cli/cli.c.obj
                0x0000000000007b40                CLI_tabCompletion
 .text.CLI_wrap
                0x0000000000007c04       0x28 CMakeFiles/kiibohd.elf.dir/Debug/cli/cli.c.obj
                0x0000000000007c04                CLI_wrap
 .text.CLI_saveHistory
                0x0000000000007c2c       0x54 CMakeFiles/kiibohd.elf.dir/Debug/cli/cli.c.obj
                0x0000000000007c2c                CLI_saveHistory
 .text.CLI_retreiveHistory
                0x0000000000007c80       0x54 CMakeFiles/kiibohd.elf.dir/Debug/cli/cli.c.obj
                0x0000000000007c80                CLI_retreiveHistory
 .text.CLI_process
                0x0000000000007cd4      0x230 CMakeFiles/kiibohd.elf.dir/Debug/cli/cli.c.obj
                0x0000000000007cd4                CLI_process
 .text.init_errorLED
                0x0000000000007f04       0x1c CMakeFiles/kiibohd.elf.dir/Debug/led/led.c.obj
                0x0000000000007f04                init_errorLED
 .text.errorLED
                0x0000000000007f20       0x1c CMakeFiles/kiibohd.elf.dir/Debug/led/led.c.obj
                0x0000000000007f20                errorLED
 .text.printstrs
                0x0000000000007f3c       0x34 CMakeFiles/kiibohd.elf.dir/Debug/print/print.c.obj
                0x0000000000007f3c                printstrs
 .text._print   0x0000000000007f70        0x4 CMakeFiles/kiibohd.elf.dir/Debug/print/print.c.obj
                0x0000000000007f70                _print
 .text.lenStr   0x0000000000007f74       0x12 CMakeFiles/kiibohd.elf.dir/Debug/print/print.c.obj
                0x0000000000007f74                lenStr
 .text.revsStr  0x0000000000007f86       0x20 CMakeFiles/kiibohd.elf.dir/Debug/print/print.c.obj
                0x0000000000007f86                revsStr
 .text.int8ToStr
                0x0000000000007fa6       0x28 CMakeFiles/kiibohd.elf.dir/Debug/print/print.c.obj
                0x0000000000007fa6                int8ToStr
 .text.printInt8
                0x0000000000007fce       0x14 CMakeFiles/kiibohd.elf.dir/Debug/print/print.c.obj
                0x0000000000007fce                printInt8
 .text.int16ToStr
                0x0000000000007fe2       0x28 CMakeFiles/kiibohd.elf.dir/Debug/print/print.c.obj
                0x0000000000007fe2                int16ToStr
 .text.printInt16
                0x000000000000800a       0x14 CMakeFiles/kiibohd.elf.dir/Debug/print/print.c.obj
                0x000000000000800a                printInt16
 .text.int32ToStr
                0x000000000000801e       0x2a CMakeFiles/kiibohd.elf.dir/Debug/print/print.c.obj
                0x000000000000801e                int32ToStr
 .text.printInt32
                0x0000000000008048       0x14 CMakeFiles/kiibohd.elf.dir/Debug/print/print.c.obj
                0x0000000000008048                printInt32
 .text.hexToStr_op
                0x000000000000805c       0x5a CMakeFiles/kiibohd.elf.dir/Debug/print/print.c.obj
                0x000000000000805c                hexToStr_op
 .text.printHex_op
                0x00000000000080b6       0x16 CMakeFiles/kiibohd.elf.dir/Debug/print/print.c.obj
                0x00000000000080b6                printHex_op
 .text.hex32ToStr_op
                0x00000000000080cc       0x62 CMakeFiles/kiibohd.elf.dir/Debug/print/print.c.obj
                0x00000000000080cc                hex32ToStr_op
 .text.printHex32_op
                0x000000000000812e       0x16 CMakeFiles/kiibohd.elf.dir/Debug/print/print.c.obj
                0x000000000000812e                printHex32_op
 .text.hex32ToStr16
                0x0000000000008144       0x28 CMakeFiles/kiibohd.elf.dir/Debug/print/print.c.obj
                0x0000000000008144                hex32ToStr16
 .text.eqStr    0x000000000000816c       0x28 CMakeFiles/kiibohd.elf.dir/Debug/print/print.c.obj
                0x000000000000816c                eqStr
 .text.numToInt
                0x0000000000008194       0x82 CMakeFiles/kiibohd.elf.dir/Debug/print/print.c.obj
                0x0000000000008194                numToInt
 *(.rodata*)
 .rodata.str1.1
                0x0000000000008216       0x85 CMakeFiles/kiibohd.elf.dir/Lib/mk20dx.c.obj
                                         0x91 (size before relaxing)
 .rodata.sys_reset_to_loader_magic
                0x000000000000829b       0x16 CMakeFiles/kiibohd.elf.dir/Lib/mk20dx.c.obj
                0x000000000000829b                sys_reset_to_loader_magic
 .rodata        0x00000000000082b1        0x3 CMakeFiles/kiibohd.elf.dir/Scan/ISSILed/led_scan.c.obj
 .rodata.ledWPageCLIDict_DescEntry
                0x00000000000082b4       0x4a CMakeFiles/kiibohd.elf.dir/Scan/ISSILed/led_scan.c.obj
                0x00000000000082b4                ledWPageCLIDict_DescEntry
 .rodata.ledTestCLIDict_DescEntry
                0x00000000000082fe       0x18 CMakeFiles/kiibohd.elf.dir/Scan/ISSILed/led_scan.c.obj
                0x00000000000082fe                ledTestCLIDict_DescEntry
 *fill*         0x0000000000008316        0x2 
 .rodata.ledCLIDict
                0x0000000000008318       0x6c CMakeFiles/kiibohd.elf.dir/Scan/ISSILed/led_scan.c.obj
                0x0000000000008318                ledCLIDict
 .rodata.ledRPageCLIDict_DescEntry
                0x0000000000008384       0x1e CMakeFiles/kiibohd.elf.dir/Scan/ISSILed/led_scan.c.obj
                0x0000000000008384                ledRPageCLIDict_DescEntry
 .rodata.ledStartCLIDict_DescEntry
                0x00000000000083a2       0x1b CMakeFiles/kiibohd.elf.dir/Scan/ISSILed/led_scan.c.obj
                0x00000000000083a2                ledStartCLIDict_DescEntry
 .rodata.str1.1
                0x00000000000083bd      0x1ef CMakeFiles/kiibohd.elf.dir/Scan/ISSILed/led_scan.c.obj
                                        0x1f4 (size before relaxing)
 .rodata.ledCtrlCLIDict_DescEntry
                0x00000000000085ac       0x33 CMakeFiles/kiibohd.elf.dir/Scan/ISSILed/led_scan.c.obj
                0x00000000000085ac                ledCtrlCLIDict_DescEntry
 .rodata.LED_defaultBrightness1
                0x00000000000085df       0x92 CMakeFiles/kiibohd.elf.dir/Scan/ISSILed/led_scan.c.obj
                0x00000000000085df                LED_defaultBrightness1
 .rodata.ledZeroCLIDict_DescEntry
                0x0000000000008671       0x31 CMakeFiles/kiibohd.elf.dir/Scan/ISSILed/led_scan.c.obj
                0x0000000000008671                ledZeroCLIDict_DescEntry
 .rodata.i2cRecvCLIDict_DescEntry
                0x00000000000086a2       0x79 CMakeFiles/kiibohd.elf.dir/Scan/ISSILed/led_scan.c.obj
                0x00000000000086a2                i2cRecvCLIDict_DescEntry
 .rodata.i2cSendCLIDict_DescEntry
                0x000000000000871b       0x44 CMakeFiles/kiibohd.elf.dir/Scan/ISSILed/led_scan.c.obj
                0x000000000000871b                i2cSendCLIDict_DescEntry
 .rodata.LED_ledEnableMask1
                0x000000000000875f       0x14 CMakeFiles/kiibohd.elf.dir/Scan/ISSILed/led_scan.c.obj
                0x000000000000875f                LED_ledEnableMask1
 .rodata.ledCLIDictName
                0x0000000000008773       0x19 CMakeFiles/kiibohd.elf.dir/Scan/ISSILed/led_scan.c.obj
                0x0000000000008773                ledCLIDictName
 .rodata.matrixCLIDict
                0x000000000000878c       0x30 CMakeFiles/kiibohd.elf.dir/Scan/MatrixARM/matrix_scan.c.obj
                0x000000000000878c                matrixCLIDict
 .rodata.matrixDebugCLIDict_DescEntry
                0x00000000000087bc       0x86 CMakeFiles/kiibohd.elf.dir/Scan/MatrixARM/matrix_scan.c.obj
                0x00000000000087bc                matrixDebugCLIDict_DescEntry
 .rodata.str1.1
                0x0000000000008842      0x1ce CMakeFiles/kiibohd.elf.dir/Scan/MatrixARM/matrix_scan.c.obj
                                        0x1d8 (size before relaxing)
 .rodata.matrixStateCLIDict_DescEntry
                0x0000000000008a10       0x9a CMakeFiles/kiibohd.elf.dir/Scan/MatrixARM/matrix_scan.c.obj
                0x0000000000008a10                matrixStateCLIDict_DescEntry
 .rodata.matrixInfoCLIDict_DescEntry
                0x0000000000008aaa       0x28 CMakeFiles/kiibohd.elf.dir/Scan/MatrixARM/matrix_scan.c.obj
                0x0000000000008aaa                matrixInfoCLIDict_DescEntry
 .rodata.matrixCLIDictName
                0x0000000000008ad2       0x17 CMakeFiles/kiibohd.elf.dir/Scan/MatrixARM/matrix_scan.c.obj
                0x0000000000008ad2                matrixCLIDictName
 *fill*         0x0000000000008ae9        0x1 
 .rodata        0x0000000000008aea      0x53c CMakeFiles/kiibohd.elf.dir/Scan/STLcd/lcd_scan.c.obj
 .rodata.lcdTestCLIDict_DescEntry
                0x0000000000009026       0x1a CMakeFiles/kiibohd.elf.dir/Scan/STLcd/lcd_scan.c.obj
                0x0000000000009026                lcdTestCLIDict_DescEntry
 .rodata.lcdColorCLIDict_DescEntry
                0x0000000000009040       0x45 CMakeFiles/kiibohd.elf.dir/Scan/STLcd/lcd_scan.c.obj
                0x0000000000009040                lcdColorCLIDict_DescEntry
 .rodata.lcdCLIDictName
                0x0000000000009085       0x17 CMakeFiles/kiibohd.elf.dir/Scan/STLcd/lcd_scan.c.obj
                0x0000000000009085                lcdCLIDictName
 .rodata.lcdCLIDict
                0x000000000000909c       0x48 CMakeFiles/kiibohd.elf.dir/Scan/STLcd/lcd_scan.c.obj
                0x000000000000909c                lcdCLIDict
 .rodata.str1.1
                0x00000000000090e4       0xdf CMakeFiles/kiibohd.elf.dir/Scan/STLcd/lcd_scan.c.obj
                                         0xe2 (size before relaxing)
 .rodata.lcdCmdCLIDict_DescEntry
                0x00000000000091c3       0x44 CMakeFiles/kiibohd.elf.dir/Scan/STLcd/lcd_scan.c.obj
                0x00000000000091c3                lcdCmdCLIDict_DescEntry
 .rodata.STLcdDefaultImage
                0x0000000000009207      0x200 CMakeFiles/kiibohd.elf.dir/Scan/STLcd/lcd_scan.c.obj
                0x0000000000009207                STLcdDefaultImage
 .rodata.lcdInitCLIDict_DescEntry
                0x0000000000009407       0x1f CMakeFiles/kiibohd.elf.dir/Scan/STLcd/lcd_scan.c.obj
                0x0000000000009407                lcdInitCLIDict_DescEntry
 .rodata.lcdDispCLIDict_DescEntry
                0x0000000000009426       0x4e CMakeFiles/kiibohd.elf.dir/Scan/STLcd/lcd_scan.c.obj
                0x0000000000009426                lcdDispCLIDict_DescEntry
 .rodata        0x0000000000009474       0x2f CMakeFiles/kiibohd.elf.dir/Scan/UARTConnect/connect_scan.c.obj
 *fill*         0x00000000000094a3        0x1 
 .rodata.uartConnectCLIDict
                0x00000000000094a4       0x60 CMakeFiles/kiibohd.elf.dir/Scan/UARTConnect/connect_scan.c.obj
                0x00000000000094a4                uartConnectCLIDict
 .rodata.connectDbgCLIDict_DescEntry
                0x0000000000009504       0x1f CMakeFiles/kiibohd.elf.dir/Scan/UARTConnect/connect_scan.c.obj
                0x0000000000009504                connectDbgCLIDict_DescEntry
 .rodata.connectStsCLIDict_DescEntry
                0x0000000000009523       0x14 CMakeFiles/kiibohd.elf.dir/Scan/UARTConnect/connect_scan.c.obj
                0x0000000000009523                connectStsCLIDict_DescEntry
 .rodata.str1.1
                0x0000000000009537      0x5a6 CMakeFiles/kiibohd.elf.dir/Scan/UARTConnect/connect_scan.c.obj
                                        0x5af (size before relaxing)
 .rodata.connectLstCLIDict_DescEntry
                0x0000000000009add       0x32 CMakeFiles/kiibohd.elf.dir/Scan/UARTConnect/connect_scan.c.obj
                0x0000000000009add                connectLstCLIDict_DescEntry
 .rodata.uartConnectCLIDictName
                0x0000000000009b0f       0x1c CMakeFiles/kiibohd.elf.dir/Scan/UARTConnect/connect_scan.c.obj
                0x0000000000009b0f                uartConnectCLIDictName
 .rodata.connectMstCLIDict_DescEntry
                0x0000000000009b2b       0x3e CMakeFiles/kiibohd.elf.dir/Scan/UARTConnect/connect_scan.c.obj
                0x0000000000009b2b                connectMstCLIDict_DescEntry
 .rodata.connectCmdCLIDict_DescEntry
                0x0000000000009b69       0x6c CMakeFiles/kiibohd.elf.dir/Scan/UARTConnect/connect_scan.c.obj
                0x0000000000009b69                connectCmdCLIDict_DescEntry
 .rodata.connectRstCLIDict_DescEntry
                0x0000000000009bd5       0x3b CMakeFiles/kiibohd.elf.dir/Scan/UARTConnect/connect_scan.c.obj
                0x0000000000009bd5                connectRstCLIDict_DescEntry
 .rodata.connectIdlCLIDict_DescEntry
                0x0000000000009c10       0x61 CMakeFiles/kiibohd.elf.dir/Scan/UARTConnect/connect_scan.c.obj
                0x0000000000009c10                connectIdlCLIDict_DescEntry
 *fill*         0x0000000000009c71        0x3 
 .rodata.default_tl_0x2B
                0x0000000000009c74        0x8 CMakeFiles/kiibohd.elf.dir/Macro/PartialMap/macro.c.obj
                0x0000000000009c74                default_tl_0x2B
 .rodata.default_tl_0x2C
                0x0000000000009c7c        0x8 CMakeFiles/kiibohd.elf.dir/Macro/PartialMap/macro.c.obj
                0x0000000000009c7c                default_tl_0x2C
 .rodata.default_tl_0x2D
                0x0000000000009c84        0x4 CMakeFiles/kiibohd.elf.dir/Macro/PartialMap/macro.c.obj
                0x0000000000009c84                default_tl_0x2D
 .rodata.default_tl_0x2E
                0x0000000000009c88        0x4 CMakeFiles/kiibohd.elf.dir/Macro/PartialMap/macro.c.obj
                0x0000000000009c88                default_tl_0x2E
 .rodata.default_tl_0x2F
                0x0000000000009c8c        0x8 CMakeFiles/kiibohd.elf.dir/Macro/PartialMap/macro.c.obj
                0x0000000000009c8c                default_tl_0x2F
 .rodata.tm11_guide
                0x0000000000009c94        0x5 CMakeFiles/kiibohd.elf.dir/Macro/PartialMap/macro.c.obj
                0x0000000000009c94                tm11_guide
 .rodata.rm40_guide
                0x0000000000009c99        0x4 CMakeFiles/kiibohd.elf.dir/Macro/PartialMap/macro.c.obj
                0x0000000000009c99                rm40_guide
 .rodata.rm92_guide
                0x0000000000009c9d        0x5 CMakeFiles/kiibohd.elf.dir/Macro/PartialMap/macro.c.obj
                0x0000000000009c9d                rm92_guide
 *fill*         0x0000000000009ca2        0x2 
 .rodata.default_tl_0x41
                0x0000000000009ca4        0x4 CMakeFiles/kiibohd.elf.dir/Macro/PartialMap/macro.c.obj
                0x0000000000009ca4                default_tl_0x41
 .rodata.rm64_guide
                0x0000000000009ca8        0x4 CMakeFiles/kiibohd.elf.dir/Macro/PartialMap/macro.c.obj
                0x0000000000009ca8                rm64_guide
 .rodata.default_tl_0x43
                0x0000000000009cac        0x8 CMakeFiles/kiibohd.elf.dir/Macro/PartialMap/macro.c.obj
                0x0000000000009cac                default_tl_0x43
 .rodata.rm36_guide
                0x0000000000009cb4        0x4 CMakeFiles/kiibohd.elf.dir/Macro/PartialMap/macro.c.obj
                0x0000000000009cb4                rm36_guide
 .rodata.default_tl_0x44
                0x0000000000009cb8        0x8 CMakeFiles/kiibohd.elf.dir/Macro/PartialMap/macro.c.obj
                0x0000000000009cb8                default_tl_0x44
 .rodata.default_tl_0x45
                0x0000000000009cc0        0x8 CMakeFiles/kiibohd.elf.dir/Macro/PartialMap/macro.c.obj
                0x0000000000009cc0                default_tl_0x45
 .rodata.default_tl_0x46
                0x0000000000009cc8        0x8 CMakeFiles/kiibohd.elf.dir/Macro/PartialMap/macro.c.obj
                0x0000000000009cc8                default_tl_0x46
 .rodata.default_tl_0x47
                0x0000000000009cd0        0x8 CMakeFiles/kiibohd.elf.dir/Macro/PartialMap/macro.c.obj
                0x0000000000009cd0                default_tl_0x47
 .rodata.macroCLIDictName
                0x0000000000009cd8       0x16 CMakeFiles/kiibohd.elf.dir/Macro/PartialMap/macro.c.obj
                0x0000000000009cd8                macroCLIDictName
 .rodata.tm41_guide
                0x0000000000009cee        0x5 CMakeFiles/kiibohd.elf.dir/Macro/PartialMap/macro.c.obj
                0x0000000000009cee                tm41_guide
 .rodata.tm93_guide
                0x0000000000009cf3        0x5 CMakeFiles/kiibohd.elf.dir/Macro/PartialMap/macro.c.obj
                0x0000000000009cf3                tm93_guide
 .rodata.keyReleaseCLIDict_DescEntry
                0x0000000000009cf8       0x6b CMakeFiles/kiibohd.elf.dir/Macro/PartialMap/macro.c.obj
                0x0000000000009cf8                keyReleaseCLIDict_DescEntry
 .rodata.tm65_guide
                0x0000000000009d63        0x5 CMakeFiles/kiibohd.elf.dir/Macro/PartialMap/macro.c.obj
                0x0000000000009d63                tm65_guide
 .rodata.tm2_guide
                0x0000000000009d68        0x5 CMakeFiles/kiibohd.elf.dir/Macro/PartialMap/macro.c.obj
                0x0000000000009d68                tm2_guide
 .rodata.tm37_guide
                0x0000000000009d6d        0x5 CMakeFiles/kiibohd.elf.dir/Macro/PartialMap/macro.c.obj
                0x0000000000009d6d                tm37_guide
 *fill*         0x0000000000009d72        0x2 
 .rodata.default_tl_0x30
                0x0000000000009d74        0x8 CMakeFiles/kiibohd.elf.dir/Macro/PartialMap/macro.c.obj
                0x0000000000009d74                default_tl_0x30
 .rodata.default_tl_0x31
                0x0000000000009d7c        0x8 CMakeFiles/kiibohd.elf.dir/Macro/PartialMap/macro.c.obj
                0x0000000000009d7c                default_tl_0x31
 .rodata.default_tl_0x32
                0x0000000000009d84        0x8 CMakeFiles/kiibohd.elf.dir/Macro/PartialMap/macro.c.obj
                0x0000000000009d84                default_tl_0x32
 .rodata.default_tl_0x33
                0x0000000000009d8c        0x8 CMakeFiles/kiibohd.elf.dir/Macro/PartialMap/macro.c.obj
                0x0000000000009d8c                default_tl_0x33
 .rodata.default_tl_0x34
                0x0000000000009d94        0x8 CMakeFiles/kiibohd.elf.dir/Macro/PartialMap/macro.c.obj
                0x0000000000009d94                default_tl_0x34
 .rodata.default_tl_0x35
                0x0000000000009d9c        0x8 CMakeFiles/kiibohd.elf.dir/Macro/PartialMap/macro.c.obj
                0x0000000000009d9c                default_tl_0x35
 .rodata.default_tl_0x36
                0x0000000000009da4        0x4 CMakeFiles/kiibohd.elf.dir/Macro/PartialMap/macro.c.obj
                0x0000000000009da4                default_tl_0x36
 .rodata.default_tl_0x37
                0x0000000000009da8        0x4 CMakeFiles/kiibohd.elf.dir/Macro/PartialMap/macro.c.obj
                0x0000000000009da8                default_tl_0x37
 .rodata.default_tl_0x38
                0x0000000000009dac        0x8 CMakeFiles/kiibohd.elf.dir/Macro/PartialMap/macro.c.obj
                0x0000000000009dac                default_tl_0x38
 .rodata.default_tl_0x39
                0x0000000000009db4        0x8 CMakeFiles/kiibohd.elf.dir/Macro/PartialMap/macro.c.obj
                0x0000000000009db4                default_tl_0x39
 .rodata.default_tl_0x4E
                0x0000000000009dbc        0x8 CMakeFiles/kiibohd.elf.dir/Macro/PartialMap/macro.c.obj
                0x0000000000009dbc                default_tl_0x4E
 .rodata.default_tl_0x3A
                0x0000000000009dc4        0x8 CMakeFiles/kiibohd.elf.dir/Macro/PartialMap/macro.c.obj
                0x0000000000009dc4                default_tl_0x3A
 .rodata.default_tl_0x3B
                0x0000000000009dcc        0x8 CMakeFiles/kiibohd.elf.dir/Macro/PartialMap/macro.c.obj
                0x0000000000009dcc                default_tl_0x3B
 .rodata.default_tl_0x3C
                0x0000000000009dd4        0x8 CMakeFiles/kiibohd.elf.dir/Macro/PartialMap/macro.c.obj
                0x0000000000009dd4                default_tl_0x3C
 .rodata.default_tl_0x3D
                0x0000000000009ddc        0x8 CMakeFiles/kiibohd.elf.dir/Macro/PartialMap/macro.c.obj
                0x0000000000009ddc                default_tl_0x3D
 .rodata.default_tl_0x3E
                0x0000000000009de4        0x8 CMakeFiles/kiibohd.elf.dir/Macro/PartialMap/macro.c.obj
                0x0000000000009de4                default_tl_0x3E
 .rodata.default_tl_0x3F
                0x0000000000009dec        0x4 CMakeFiles/kiibohd.elf.dir/Macro/PartialMap/macro.c.obj
                0x0000000000009dec                default_tl_0x3F
 .rodata.rm81_guide
                0x0000000000009df0        0x4 CMakeFiles/kiibohd.elf.dir/Macro/PartialMap/macro.c.obj
                0x0000000000009df0                rm81_guide
 .rodata.macroStepCLIDict_DescEntry
                0x0000000000009df4       0x2c CMakeFiles/kiibohd.elf.dir/Macro/PartialMap/macro.c.obj
                0x0000000000009df4                macroStepCLIDict_DescEntry
 .rodata.rm53_guide
                0x0000000000009e20        0x4 CMakeFiles/kiibohd.elf.dir/Macro/PartialMap/macro.c.obj
                0x0000000000009e20                rm53_guide
 .rodata.rm25_guide
                0x0000000000009e24        0x4 CMakeFiles/kiibohd.elf.dir/Macro/PartialMap/macro.c.obj
                0x0000000000009e24                rm25_guide
 .rodata.tm3_guide
                0x0000000000009e28        0x5 CMakeFiles/kiibohd.elf.dir/Macro/PartialMap/macro.c.obj
                0x0000000000009e28                tm3_guide
 .rodata.rm21_guide
                0x0000000000009e2d        0x4 CMakeFiles/kiibohd.elf.dir/Macro/PartialMap/macro.c.obj
                0x0000000000009e2d                rm21_guide
 .rodata.capSelectCLIDict_DescEntry
                0x0000000000009e31       0x76 CMakeFiles/kiibohd.elf.dir/Macro/PartialMap/macro.c.obj
                0x0000000000009e31                capSelectCLIDict_DescEntry
 .rodata.rm77_guide
                0x0000000000009ea7        0x4 CMakeFiles/kiibohd.elf.dir/Macro/PartialMap/macro.c.obj
                0x0000000000009ea7                rm77_guide
 .rodata.InterconnectOffsetList
                0x0000000000009eab        0x2 CMakeFiles/kiibohd.elf.dir/Macro/PartialMap/macro.c.obj
                0x0000000000009eab                InterconnectOffsetList
 .rodata.tm76_guide
                0x0000000000009ead        0x5 CMakeFiles/kiibohd.elf.dir/Macro/PartialMap/macro.c.obj
                0x0000000000009ead                tm76_guide
 .rodata.rm49_guide
                0x0000000000009eb2        0x4 CMakeFiles/kiibohd.elf.dir/Macro/PartialMap/macro.c.obj
                0x0000000000009eb2                rm49_guide
 *fill*         0x0000000000009eb6        0x2 
 .rodata.layer1_tl_0x02
                0x0000000000009eb8        0x8 CMakeFiles/kiibohd.elf.dir/Macro/PartialMap/macro.c.obj
                0x0000000000009eb8                layer1_tl_0x02
 .rodata.layer1_tl_0x03
                0x0000000000009ec0        0x8 CMakeFiles/kiibohd.elf.dir/Macro/PartialMap/macro.c.obj
                0x0000000000009ec0                layer1_tl_0x03
 .rodata.layer1_tl_0x04
                0x0000000000009ec8        0x8 CMakeFiles/kiibohd.elf.dir/Macro/PartialMap/macro.c.obj
                0x0000000000009ec8                layer1_tl_0x04
 .rodata.layer1_tl_0x05
                0x0000000000009ed0        0x8 CMakeFiles/kiibohd.elf.dir/Macro/PartialMap/macro.c.obj
                0x0000000000009ed0                layer1_tl_0x05
 .rodata.layer1_tl_0x06
                0x0000000000009ed8        0x8 CMakeFiles/kiibohd.elf.dir/Macro/PartialMap/macro.c.obj
                0x0000000000009ed8                layer1_tl_0x06
 .rodata.layer1_tl_0x07
                0x0000000000009ee0        0x8 CMakeFiles/kiibohd.elf.dir/Macro/PartialMap/macro.c.obj
                0x0000000000009ee0                layer1_tl_0x07
 .rodata.layer1_tl_0x08
                0x0000000000009ee8        0x4 CMakeFiles/kiibohd.elf.dir/Macro/PartialMap/macro.c.obj
                0x0000000000009ee8                layer1_tl_0x08
 .rodata.layer1_tl_0x09
                0x0000000000009eec        0x4 CMakeFiles/kiibohd.elf.dir/Macro/PartialMap/macro.c.obj
                0x0000000000009eec                layer1_tl_0x09
 .rodata.tm78_guide
                0x0000000000009ef0        0x5 CMakeFiles/kiibohd.elf.dir/Macro/PartialMap/macro.c.obj
                0x0000000000009ef0                tm78_guide
 *fill*         0x0000000000009ef5        0x3 
 .rodata.macroCLIDict
                0x0000000000009ef8       0xa8 CMakeFiles/kiibohd.elf.dir/Macro/PartialMap/macro.c.obj
                0x0000000000009ef8                macroCLIDict
 .rodata.default_tl_0x40
                0x0000000000009fa0        0x4 CMakeFiles/kiibohd.elf.dir/Macro/PartialMap/macro.c.obj
                0x0000000000009fa0                default_tl_0x40
 .rodata.rm79_guide
                0x0000000000009fa4        0x4 CMakeFiles/kiibohd.elf.dir/Macro/PartialMap/macro.c.obj
                0x0000000000009fa4                rm79_guide
 .rodata.layer1_tl_0x0A
                0x0000000000009fa8        0x4 CMakeFiles/kiibohd.elf.dir/Macro/PartialMap/macro.c.obj
                0x0000000000009fa8                layer1_tl_0x0A
 .rodata.layer1_tl_0x0B
                0x0000000000009fac        0x4 CMakeFiles/kiibohd.elf.dir/Macro/PartialMap/macro.c.obj
                0x0000000000009fac                layer1_tl_0x0B
 .rodata.layer1_tl_0x0C
                0x0000000000009fb0        0x4 CMakeFiles/kiibohd.elf.dir/Macro/PartialMap/macro.c.obj
                0x0000000000009fb0                layer1_tl_0x0C
 .rodata.layer1_tl_0x0D
                0x0000000000009fb4        0x4 CMakeFiles/kiibohd.elf.dir/Macro/PartialMap/macro.c.obj
                0x0000000000009fb4                layer1_tl_0x0D
 .rodata.layer1_tl_0x0E
                0x0000000000009fb8        0x4 CMakeFiles/kiibohd.elf.dir/Macro/PartialMap/macro.c.obj
                0x0000000000009fb8                layer1_tl_0x0E
 .rodata.layer1_tl_0x0F
                0x0000000000009fbc        0x4 CMakeFiles/kiibohd.elf.dir/Macro/PartialMap/macro.c.obj
                0x0000000000009fbc                layer1_tl_0x0F
 .rodata.default_tl_0x48
                0x0000000000009fc0        0x8 CMakeFiles/kiibohd.elf.dir/Macro/PartialMap/macro.c.obj
                0x0000000000009fc0                default_tl_0x48
 .rodata.default_tl_0x49
                0x0000000000009fc8        0x8 CMakeFiles/kiibohd.elf.dir/Macro/PartialMap/macro.c.obj
                0x0000000000009fc8                default_tl_0x49
 .rodata.default_tl_0x57
                0x0000000000009fd0        0x8 CMakeFiles/kiibohd.elf.dir/Macro/PartialMap/macro.c.obj
                0x0000000000009fd0                default_tl_0x57
 .rodata.rm12_guide
                0x0000000000009fd8        0x4 CMakeFiles/kiibohd.elf.dir/Macro/PartialMap/macro.c.obj
                0x0000000000009fd8                rm12_guide
 .rodata.default_tl_0x4A
                0x0000000000009fdc        0x8 CMakeFiles/kiibohd.elf.dir/Macro/PartialMap/macro.c.obj
                0x0000000000009fdc                default_tl_0x4A
 .rodata.default_tl_0x4B
                0x0000000000009fe4        0x8 CMakeFiles/kiibohd.elf.dir/Macro/PartialMap/macro.c.obj
                0x0000000000009fe4                default_tl_0x4B
 .rodata.default_tl_0x4C
                0x0000000000009fec        0x8 CMakeFiles/kiibohd.elf.dir/Macro/PartialMap/macro.c.obj
                0x0000000000009fec                default_tl_0x4C
 .rodata.default_tl_0x4D
                0x0000000000009ff4        0x8 CMakeFiles/kiibohd.elf.dir/Macro/PartialMap/macro.c.obj
                0x0000000000009ff4                default_tl_0x4D
 .rodata.default_tl_0x4F
                0x0000000000009ffc        0x8 CMakeFiles/kiibohd.elf.dir/Macro/PartialMap/macro.c.obj
                0x0000000000009ffc                default_tl_0x4F
 .rodata.default_tl_0x55
                0x000000000000a004        0x8 CMakeFiles/kiibohd.elf.dir/Macro/PartialMap/macro.c.obj
                0x000000000000a004                default_tl_0x55
 .rodata.rm70_guide
                0x000000000000a00c        0x4 CMakeFiles/kiibohd.elf.dir/Macro/PartialMap/macro.c.obj
                0x000000000000a00c                rm70_guide
 .rodata.tm13_guide
                0x000000000000a010        0x5 CMakeFiles/kiibohd.elf.dir/Macro/PartialMap/macro.c.obj
                0x000000000000a010                tm13_guide
 .rodata.rm42_guide
                0x000000000000a015        0x4 CMakeFiles/kiibohd.elf.dir/Macro/PartialMap/macro.c.obj
                0x000000000000a015                rm42_guide
 .rodata.rm46_guide
                0x000000000000a019        0x4 CMakeFiles/kiibohd.elf.dir/Macro/PartialMap/macro.c.obj
                0x000000000000a019                rm46_guide
 *fill*         0x000000000000a01d        0x3 
 .rodata.ResultMacroList
                0x000000000000a020      0x174 CMakeFiles/kiibohd.elf.dir/Macro/PartialMap/macro.c.obj
                0x000000000000a020                ResultMacroList
 .rodata.rm66_guide
                0x000000000000a194        0x8 CMakeFiles/kiibohd.elf.dir/Macro/PartialMap/macro.c.obj
                0x000000000000a194                rm66_guide
 .rodata.default_tl_0x52
                0x000000000000a19c        0x8 CMakeFiles/kiibohd.elf.dir/Macro/PartialMap/macro.c.obj
                0x000000000000a19c                default_tl_0x52
 .rodata.default_tl_0x53
                0x000000000000a1a4        0x8 CMakeFiles/kiibohd.elf.dir/Macro/PartialMap/macro.c.obj
                0x000000000000a1a4                default_tl_0x53
 .rodata.default_tl_0x54
                0x000000000000a1ac        0x8 CMakeFiles/kiibohd.elf.dir/Macro/PartialMap/macro.c.obj
                0x000000000000a1ac                default_tl_0x54
 .rodata.tm71_guide
                0x000000000000a1b4        0x5 CMakeFiles/kiibohd.elf.dir/Macro/PartialMap/macro.c.obj
                0x000000000000a1b4                tm71_guide
 .rodata.rm5_guide
                0x000000000000a1b9        0x4 CMakeFiles/kiibohd.elf.dir/Macro/PartialMap/macro.c.obj
                0x000000000000a1b9                rm5_guide
 *fill*         0x000000000000a1bd        0x3 
 .rodata.default_tl_0x56
                0x000000000000a1c0        0x8 CMakeFiles/kiibohd.elf.dir/Macro/PartialMap/macro.c.obj
                0x000000000000a1c0                default_tl_0x56
 .rodata.tm43_guide
                0x000000000000a1c8        0x5 CMakeFiles/kiibohd.elf.dir/Macro/PartialMap/macro.c.obj
                0x000000000000a1c8                tm43_guide
 *fill*         0x000000000000a1cd        0x3 
 .rodata.layer1_tl_0x11
                0x000000000000a1d0        0x4 CMakeFiles/kiibohd.elf.dir/Macro/PartialMap/macro.c.obj
                0x000000000000a1d0                layer1_tl_0x11
 .rodata.layer1_tl_0x12
                0x000000000000a1d4        0x4 CMakeFiles/kiibohd.elf.dir/Macro/PartialMap/macro.c.obj
                0x000000000000a1d4                layer1_tl_0x12
 .rodata.layer1_tl_0x13
                0x000000000000a1d8        0x4 CMakeFiles/kiibohd.elf.dir/Macro/PartialMap/macro.c.obj
                0x000000000000a1d8                layer1_tl_0x13
 .rodata.layer1_tl_0x14
                0x000000000000a1dc        0x4 CMakeFiles/kiibohd.elf.dir/Macro/PartialMap/macro.c.obj
                0x000000000000a1dc                layer1_tl_0x14
 .rodata.layer1_tl_0x15
                0x000000000000a1e0        0x4 CMakeFiles/kiibohd.elf.dir/Macro/PartialMap/macro.c.obj
                0x000000000000a1e0                layer1_tl_0x15
 .rodata.layer1_tl_0x16
                0x000000000000a1e4        0x4 CMakeFiles/kiibohd.elf.dir/Macro/PartialMap/macro.c.obj
                0x000000000000a1e4                layer1_tl_0x16
 .rodata.layer1_tl_0x17
                0x000000000000a1e8        0x4 CMakeFiles/kiibohd.elf.dir/Macro/PartialMap/macro.c.obj
                0x000000000000a1e8                layer1_tl_0x17
 .rodata.tm4_guide
                0x000000000000a1ec        0x5 CMakeFiles/kiibohd.elf.dir/Macro/PartialMap/macro.c.obj
                0x000000000000a1ec                tm4_guide
 *fill*         0x000000000000a1f1        0x3 
 .rodata.layer1_tl_0x19
                0x000000000000a1f4        0x4 CMakeFiles/kiibohd.elf.dir/Macro/PartialMap/macro.c.obj
                0x000000000000a1f4                layer1_tl_0x19
 .rodata.tm39_guide
                0x000000000000a1f8        0x5 CMakeFiles/kiibohd.elf.dir/Macro/PartialMap/macro.c.obj
                0x000000000000a1f8                tm39_guide
 *fill*         0x000000000000a1fd        0x3 
 .rodata.default_tl_0x50
                0x000000000000a200        0x8 CMakeFiles/kiibohd.elf.dir/Macro/PartialMap/macro.c.obj
                0x000000000000a200                default_tl_0x50
 .rodata.default_tl_0x51
                0x000000000000a208        0x8 CMakeFiles/kiibohd.elf.dir/Macro/PartialMap/macro.c.obj
                0x000000000000a208                default_tl_0x51
 .rodata.layer1_tl_0x1A
                0x000000000000a210        0x4 CMakeFiles/kiibohd.elf.dir/Macro/PartialMap/macro.c.obj
                0x000000000000a210                layer1_tl_0x1A
 .rodata.layer1_tl_0x1B
                0x000000000000a214        0x4 CMakeFiles/kiibohd.elf.dir/Macro/PartialMap/macro.c.obj
                0x000000000000a214                layer1_tl_0x1B
 .rodata.layer1_tl_0x1C
                0x000000000000a218        0x4 CMakeFiles/kiibohd.elf.dir/Macro/PartialMap/macro.c.obj
                0x000000000000a218                layer1_tl_0x1C
 .rodata.layer1_tl_0x1D
                0x000000000000a21c        0x4 CMakeFiles/kiibohd.elf.dir/Macro/PartialMap/macro.c.obj
                0x000000000000a21c                layer1_tl_0x1D
 .rodata.layer1_tl_0x1E
                0x000000000000a220        0x4 CMakeFiles/kiibohd.elf.dir/Macro/PartialMap/macro.c.obj
                0x000000000000a220                layer1_tl_0x1E
 .rodata.layer1_tl_0x1F
                0x000000000000a224        0x4 CMakeFiles/kiibohd.elf.dir/Macro/PartialMap/macro.c.obj
                0x000000000000a224                layer1_tl_0x1F
 .rodata.default_tl_0x58
                0x000000000000a228        0x8 CMakeFiles/kiibohd.elf.dir/Macro/PartialMap/macro.c.obj
                0x000000000000a228                default_tl_0x58
 .rodata.default_tl_0x59
                0x000000000000a230        0x8 CMakeFiles/kiibohd.elf.dir/Macro/PartialMap/macro.c.obj
                0x000000000000a230                default_tl_0x59
 .rodata.tm18_guide
                0x000000000000a238        0x5 CMakeFiles/kiibohd.elf.dir/Macro/PartialMap/macro.c.obj
                0x000000000000a238                tm18_guide
 .rodata.tm30_guide
                0x000000000000a23d        0x5 CMakeFiles/kiibohd.elf.dir/Macro/PartialMap/macro.c.obj
                0x000000000000a23d                tm30_guide
 .rodata.rm31_guide
                0x000000000000a242        0x4 CMakeFiles/kiibohd.elf.dir/Macro/PartialMap/macro.c.obj
                0x000000000000a242                rm31_guide
 .rodata.rm83_guide
                0x000000000000a246        0x4 CMakeFiles/kiibohd.elf.dir/Macro/PartialMap/macro.c.obj
                0x000000000000a246                rm83_guide
 .rodata.rm55_guide
                0x000000000000a24a        0x4 CMakeFiles/kiibohd.elf.dir/Macro/PartialMap/macro.c.obj
                0x000000000000a24a                rm55_guide
 .rodata.rm27_guide
                0x000000000000a24e        0x4 CMakeFiles/kiibohd.elf.dir/Macro/PartialMap/macro.c.obj
                0x000000000000a24e                rm27_guide
 .rodata.tm60_guide
                0x000000000000a252        0x5 CMakeFiles/kiibohd.elf.dir/Macro/PartialMap/macro.c.obj
                0x000000000000a252                tm60_guide
 .rodata.tm84_guide
                0x000000000000a257        0x5 CMakeFiles/kiibohd.elf.dir/Macro/PartialMap/macro.c.obj
                0x000000000000a257                tm84_guide
 .rodata.layer1_tl_0x20
                0x000000000000a25c        0x4 CMakeFiles/kiibohd.elf.dir/Macro/PartialMap/macro.c.obj
                0x000000000000a25c                layer1_tl_0x20
 .rodata.layer1_tl_0x21
                0x000000000000a260        0x4 CMakeFiles/kiibohd.elf.dir/Macro/PartialMap/macro.c.obj
                0x000000000000a260                layer1_tl_0x21
 .rodata.tm56_guide
                0x000000000000a264        0x5 CMakeFiles/kiibohd.elf.dir/Macro/PartialMap/macro.c.obj
                0x000000000000a264                tm56_guide
 *fill*         0x000000000000a269        0x3 
 .rodata.layer1_tl_0x23
                0x000000000000a26c        0x4 CMakeFiles/kiibohd.elf.dir/Macro/PartialMap/macro.c.obj
                0x000000000000a26c                layer1_tl_0x23
 .rodata.layer1_tl_0x24
                0x000000000000a270        0x4 CMakeFiles/kiibohd.elf.dir/Macro/PartialMap/macro.c.obj
                0x000000000000a270                layer1_tl_0x24
 .rodata.tm28_guide
                0x000000000000a274        0x5 CMakeFiles/kiibohd.elf.dir/Macro/PartialMap/macro.c.obj
                0x000000000000a274                tm28_guide
 *fill*         0x000000000000a279        0x3 
 .rodata.layer1_tl_0x26
                0x000000000000a27c        0x4 CMakeFiles/kiibohd.elf.dir/Macro/PartialMap/macro.c.obj
                0x000000000000a27c                layer1_tl_0x26
 .rodata.layer1_tl_0x27
                0x000000000000a280        0x4 CMakeFiles/kiibohd.elf.dir/Macro/PartialMap/macro.c.obj
                0x000000000000a280                layer1_tl_0x27
 .rodata.layer1_tl_0x28
                0x000000000000a284        0x4 CMakeFiles/kiibohd.elf.dir/Macro/PartialMap/macro.c.obj
                0x000000000000a284                layer1_tl_0x28
 .rodata.layer1_tl_0x29
                0x000000000000a288        0x4 CMakeFiles/kiibohd.elf.dir/Macro/PartialMap/macro.c.obj
                0x000000000000a288                layer1_tl_0x29
 .rodata.layer1_tl_0x2A
                0x000000000000a28c        0x4 CMakeFiles/kiibohd.elf.dir/Macro/PartialMap/macro.c.obj
                0x000000000000a28c                layer1_tl_0x2A
 .rodata.layer1_tl_0x2B
                0x000000000000a290        0x4 CMakeFiles/kiibohd.elf.dir/Macro/PartialMap/macro.c.obj
                0x000000000000a290                layer1_tl_0x2B
 .rodata.layer1_tl_0x2C
                0x000000000000a294        0x4 CMakeFiles/kiibohd.elf.dir/Macro/PartialMap/macro.c.obj
                0x000000000000a294                layer1_tl_0x2C
 .rodata.layer1_tl_0x2D
                0x000000000000a298        0x4 CMakeFiles/kiibohd.elf.dir/Macro/PartialMap/macro.c.obj
                0x000000000000a298                layer1_tl_0x2D
 .rodata.layer1_tl_0x2E
                0x000000000000a29c        0x4 CMakeFiles/kiibohd.elf.dir/Macro/PartialMap/macro.c.obj
                0x000000000000a29c                layer1_tl_0x2E
 .rodata.layer1_tl_0x2F
                0x000000000000a2a0        0x8 CMakeFiles/kiibohd.elf.dir/Macro/PartialMap/macro.c.obj
                0x000000000000a2a0                layer1_tl_0x2F
 .rodata.CapabilitiesList
                0x000000000000a2a8       0x88 CMakeFiles/kiibohd.elf.dir/Macro/PartialMap/macro.c.obj
                0x000000000000a2a8                CapabilitiesList
 .rodata.keyPressCLIDict_DescEntry
                0x000000000000a330       0x6e CMakeFiles/kiibohd.elf.dir/Macro/PartialMap/macro.c.obj
                0x000000000000a330                keyPressCLIDict_DescEntry
 .rodata.rm72_guide
                0x000000000000a39e        0x4 CMakeFiles/kiibohd.elf.dir/Macro/PartialMap/macro.c.obj
                0x000000000000a39e                rm72_guide
 .rodata.tm15_guide
                0x000000000000a3a2        0x5 CMakeFiles/kiibohd.elf.dir/Macro/PartialMap/macro.c.obj
                0x000000000000a3a2                tm15_guide
 .rodata.rm44_guide
                0x000000000000a3a7        0x4 CMakeFiles/kiibohd.elf.dir/Macro/PartialMap/macro.c.obj
                0x000000000000a3a7                rm44_guide
 .rodata.rm16_guide
                0x000000000000a3ab        0x4 CMakeFiles/kiibohd.elf.dir/Macro/PartialMap/macro.c.obj
                0x000000000000a3ab                rm16_guide
 .rodata.rm68_guide
                0x000000000000a3af        0x4 CMakeFiles/kiibohd.elf.dir/Macro/PartialMap/macro.c.obj
                0x000000000000a3af                rm68_guide
 .rodata.tm73_guide
                0x000000000000a3b3        0x5 CMakeFiles/kiibohd.elf.dir/Macro/PartialMap/macro.c.obj
                0x000000000000a3b3                tm73_guide
 .rodata.rm7_guide
                0x000000000000a3b8        0x4 CMakeFiles/kiibohd.elf.dir/Macro/PartialMap/macro.c.obj
                0x000000000000a3b8                rm7_guide
 .rodata.tm45_guide
                0x000000000000a3bc        0x5 CMakeFiles/kiibohd.elf.dir/Macro/PartialMap/macro.c.obj
                0x000000000000a3bc                tm45_guide
 .rodata.tm17_guide
                0x000000000000a3c1        0x5 CMakeFiles/kiibohd.elf.dir/Macro/PartialMap/macro.c.obj
                0x000000000000a3c1                tm17_guide
 *fill*         0x000000000000a3c6        0x2 
 .rodata.layer1_tl_0x31
                0x000000000000a3c8        0x8 CMakeFiles/kiibohd.elf.dir/Macro/PartialMap/macro.c.obj
                0x000000000000a3c8                layer1_tl_0x31
 .rodata.layer1_tl_0x32
                0x000000000000a3d0        0x8 CMakeFiles/kiibohd.elf.dir/Macro/PartialMap/macro.c.obj
                0x000000000000a3d0                layer1_tl_0x32
 .rodata.layer1_tl_0x33
                0x000000000000a3d8        0x8 CMakeFiles/kiibohd.elf.dir/Macro/PartialMap/macro.c.obj
                0x000000000000a3d8                layer1_tl_0x33
 .rodata.layer1_tl_0x34
                0x000000000000a3e0        0x8 CMakeFiles/kiibohd.elf.dir/Macro/PartialMap/macro.c.obj
                0x000000000000a3e0                layer1_tl_0x34
 .rodata.tm6_guide
                0x000000000000a3e8        0x5 CMakeFiles/kiibohd.elf.dir/Macro/PartialMap/macro.c.obj
                0x000000000000a3e8                tm6_guide
 .rodata.rm38_guide
                0x000000000000a3ed        0x6 CMakeFiles/kiibohd.elf.dir/Macro/PartialMap/macro.c.obj
                0x000000000000a3ed                rm38_guide
 .rodata.tm48_guide
                0x000000000000a3f3        0x5 CMakeFiles/kiibohd.elf.dir/Macro/PartialMap/macro.c.obj
                0x000000000000a3f3                tm48_guide
 .rodata.macroDebugCLIDict_DescEntry
                0x000000000000a3f8       0x51 CMakeFiles/kiibohd.elf.dir/Macro/PartialMap/macro.c.obj
                0x000000000000a3f8                macroDebugCLIDict_DescEntry
 .rodata.tm32_guide
                0x000000000000a449        0x5 CMakeFiles/kiibohd.elf.dir/Macro/PartialMap/macro.c.obj
                0x000000000000a449                tm32_guide
 .rodata.rm61_guide
                0x000000000000a44e        0x4 CMakeFiles/kiibohd.elf.dir/Macro/PartialMap/macro.c.obj
                0x000000000000a44e                rm61_guide
 .rodata.rm33_guide
                0x000000000000a452        0x6 CMakeFiles/kiibohd.elf.dir/Macro/PartialMap/macro.c.obj
                0x000000000000a452                rm33_guide
 .rodata.rm14_guide
                0x000000000000a458        0x4 CMakeFiles/kiibohd.elf.dir/Macro/PartialMap/macro.c.obj
                0x000000000000a458                rm14_guide
 .rodata.rm85_guide
                0x000000000000a45c        0x4 CMakeFiles/kiibohd.elf.dir/Macro/PartialMap/macro.c.obj
                0x000000000000a45c                rm85_guide
 .rodata.rm57_guide
                0x000000000000a460        0x4 CMakeFiles/kiibohd.elf.dir/Macro/PartialMap/macro.c.obj
                0x000000000000a460                rm57_guide
 .rodata.rm29_guide
                0x000000000000a464        0x6 CMakeFiles/kiibohd.elf.dir/Macro/PartialMap/macro.c.obj
                0x000000000000a464                rm29_guide
 *fill*         0x000000000000a46a        0x2 
 .rodata.layer1_tl_0x10
                0x000000000000a46c        0x4 CMakeFiles/kiibohd.elf.dir/Macro/PartialMap/macro.c.obj
                0x000000000000a46c                layer1_tl_0x10
 .rodata.tm90_guide
                0x000000000000a470        0x5 CMakeFiles/kiibohd.elf.dir/Macro/PartialMap/macro.c.obj
                0x000000000000a470                tm90_guide
 .rodata.tm62_guide
                0x000000000000a475        0x5 CMakeFiles/kiibohd.elf.dir/Macro/PartialMap/macro.c.obj
                0x000000000000a475                tm62_guide
 *fill*         0x000000000000a47a        0x2 
 .rodata.TriggerMacroList
                0x000000000000a47c      0x2f8 CMakeFiles/kiibohd.elf.dir/Macro/PartialMap/macro.c.obj
                0x000000000000a47c                TriggerMacroList
 .rodata.tm34_guide
                0x000000000000a774        0x5 CMakeFiles/kiibohd.elf.dir/Macro/PartialMap/macro.c.obj
                0x000000000000a774                tm34_guide
 .rodata.tm86_guide
                0x000000000000a779        0x5 CMakeFiles/kiibohd.elf.dir/Macro/PartialMap/macro.c.obj
                0x000000000000a779                tm86_guide
 .rodata.tm58_guide
                0x000000000000a77e        0x5 CMakeFiles/kiibohd.elf.dir/Macro/PartialMap/macro.c.obj
                0x000000000000a77e                tm58_guide
 .rodata.rm87_guide
                0x000000000000a783        0x5 CMakeFiles/kiibohd.elf.dir/Macro/PartialMap/macro.c.obj
                0x000000000000a783                rm87_guide
 .rodata.rm18_guide
                0x000000000000a788        0x4 CMakeFiles/kiibohd.elf.dir/Macro/PartialMap/macro.c.obj
                0x000000000000a788                rm18_guide
 .rodata.rm20_guide
                0x000000000000a78c        0x4 CMakeFiles/kiibohd.elf.dir/Macro/PartialMap/macro.c.obj
                0x000000000000a78c                rm20_guide
 .rodata.tm21_guide
                0x000000000000a790        0x5 CMakeFiles/kiibohd.elf.dir/Macro/PartialMap/macro.c.obj
                0x000000000000a790                tm21_guide
 .rodata.rm50_guide
                0x000000000000a795        0x4 CMakeFiles/kiibohd.elf.dir/Macro/PartialMap/macro.c.obj
                0x000000000000a795                rm50_guide
 *fill*         0x000000000000a799        0x3 
 .rodata.layer2_tl_0x08
                0x000000000000a79c        0x8 CMakeFiles/kiibohd.elf.dir/Macro/PartialMap/macro.c.obj
                0x000000000000a79c                layer2_tl_0x08
 .rodata.layer2_tl_0x09
                0x000000000000a7a4        0x4 CMakeFiles/kiibohd.elf.dir/Macro/PartialMap/macro.c.obj
                0x000000000000a7a4                layer2_tl_0x09
 .rodata.rm22_guide
                0x000000000000a7a8        0x5 CMakeFiles/kiibohd.elf.dir/Macro/PartialMap/macro.c.obj
                0x000000000000a7a8                rm22_guide
 .rodata.rm74_guide
                0x000000000000a7ad        0x4 CMakeFiles/kiibohd.elf.dir/Macro/PartialMap/macro.c.obj
                0x000000000000a7ad                rm74_guide
 *fill*         0x000000000000a7b1        0x3 
 .rodata.layer2_tl_0x0A
                0x000000000000a7b4        0x4 CMakeFiles/kiibohd.elf.dir/Macro/PartialMap/macro.c.obj
                0x000000000000a7b4                layer2_tl_0x0A
 .rodata.layer2_tl_0x0B
                0x000000000000a7b8        0x4 CMakeFiles/kiibohd.elf.dir/Macro/PartialMap/macro.c.obj
                0x000000000000a7b8                layer2_tl_0x0B
 .rodata.layer2_tl_0x0C
                0x000000000000a7bc        0x4 CMakeFiles/kiibohd.elf.dir/Macro/PartialMap/macro.c.obj
                0x000000000000a7bc                layer2_tl_0x0C
 .rodata.layer2_tl_0x0D
                0x000000000000a7c0        0x4 CMakeFiles/kiibohd.elf.dir/Macro/PartialMap/macro.c.obj
                0x000000000000a7c0                layer2_tl_0x0D
 .rodata.layer2_tl_0x0E
                0x000000000000a7c4        0x4 CMakeFiles/kiibohd.elf.dir/Macro/PartialMap/macro.c.obj
                0x000000000000a7c4                layer2_tl_0x0E
 .rodata.layer2_tl_0x0F
                0x000000000000a7c8        0x4 CMakeFiles/kiibohd.elf.dir/Macro/PartialMap/macro.c.obj
                0x000000000000a7c8                layer2_tl_0x0F
 .rodata.tm0_guide
                0x000000000000a7cc        0x5 CMakeFiles/kiibohd.elf.dir/Macro/PartialMap/macro.c.obj
                0x000000000000a7cc                tm0_guide
 .rodata.tm51_guide
                0x000000000000a7d1        0x5 CMakeFiles/kiibohd.elf.dir/Macro/PartialMap/macro.c.obj
                0x000000000000a7d1                tm51_guide
 .rodata.tm75_guide
                0x000000000000a7d6        0x5 CMakeFiles/kiibohd.elf.dir/Macro/PartialMap/macro.c.obj
                0x000000000000a7d6                tm75_guide
 .rodata.rm9_guide
                0x000000000000a7db        0x4 CMakeFiles/kiibohd.elf.dir/Macro/PartialMap/macro.c.obj
                0x000000000000a7db                rm9_guide
 .rodata.tm67_guide
                0x000000000000a7df        0x5 CMakeFiles/kiibohd.elf.dir/Macro/PartialMap/macro.c.obj
                0x000000000000a7df                tm67_guide
 .rodata.tm47_guide
                0x000000000000a7e4        0x5 CMakeFiles/kiibohd.elf.dir/Macro/PartialMap/macro.c.obj
                0x000000000000a7e4                tm47_guide
 .rodata.tm19_guide
                0x000000000000a7e9        0x5 CMakeFiles/kiibohd.elf.dir/Macro/PartialMap/macro.c.obj
                0x000000000000a7e9                tm19_guide
 .rodata.tm8_guide
                0x000000000000a7ee        0x5 CMakeFiles/kiibohd.elf.dir/Macro/PartialMap/macro.c.obj
                0x000000000000a7ee                tm8_guide
 *fill*         0x000000000000a7f3        0x1 
 .rodata.layer2_tl_0x10
                0x000000000000a7f4        0x4 CMakeFiles/kiibohd.elf.dir/Macro/PartialMap/macro.c.obj
                0x000000000000a7f4                layer2_tl_0x10
 .rodata.tm10_guide
                0x000000000000a7f8        0x5 CMakeFiles/kiibohd.elf.dir/Macro/PartialMap/macro.c.obj
                0x000000000000a7f8                tm10_guide
 *fill*         0x000000000000a7fd        0x3 
 .rodata.layer2_tl_0x12
                0x000000000000a800        0x4 CMakeFiles/kiibohd.elf.dir/Macro/PartialMap/macro.c.obj
                0x000000000000a800                layer2_tl_0x12
 .rodata.layer2_tl_0x13
                0x000000000000a804        0x4 CMakeFiles/kiibohd.elf.dir/Macro/PartialMap/macro.c.obj
                0x000000000000a804                layer2_tl_0x13
 .rodata.layer2_tl_0x14